<html>
<body>
<pre>
<h1>µVision Build Log</h1>
<h2>Project:</h2>
G:\Ragnarok_N\Absolute Encoder - 20160420\Project\RVMDK(uv4)\ExP1.uvproj
Project File Date:  03/28/2016

<h2>Output:</h2>
Load "..\\..\\Output\\ExP1.AXF" 
Set JLink Project File to "G:\Ragnarok_N\Absolute Encoder - 20160420\Project\RVMDK(uv4)\JLinkSettings.ini"
* JLink Info: Device "STM32F103C6" selected (32 KB flash, 10 KB RAM).
 
JLink info:
------------
DLL: V4.54a, compiled Sep 17 2012 15:58:45
Firmware: J-Link V9 compiled Jan 21 2016 18:49:33
Hardware: V9.20
Feature(s) : GDB, RDI, FlashBP, FlashDL, JFlash 
 
* JLink Info: Found SWD-DP with ID 0x1BA01477
* JLink Info: Found SWD-DP with ID 0x1BA01477
* JLink Info: TPIU fitted.
* JLink Info: FPUnit: 6 code (BP) slots and 2 literal slots
* JLink Info: Found Cortex-M3 r1p1, Little endian.
ROMTableAddr = 0xE00FF003
 
Target info:
------------
Device: STM32F103C6
VTarget = 3.304V
State of Pins: 
TCK: 0, TDI: 0, TDO: 0, TMS: 1, TRES: 1, TRST: 0
Hardware-Breakpoints: 6
Software-Breakpoints: 8192
Watchpoints:          4
JTAG speed: 6000 kHz
 
Full Chip Erase Done.
Programming Done.
Verify OK.
Application running ...
Build target 'ExP1'
compiling MT_Configure.c...
linking...
Program Size: Code=10152 RO-data=268 RW-data=64 ZI-data=5336  
FromELF: creating hex file...
"..\..\Output\ExP1.axf" - 0 Error(s), 0 Warning(s).
Load "..\\..\\Output\\ExP1.AXF" 
Set JLink Project File to "G:\Ragnarok_N\Absolute Encoder - 20160420\Project\RVMDK(uv4)\JLinkSettings.ini"
* JLink Info: Device "STM32F103C6" selected (32 KB flash, 10 KB RAM).
 
JLink info:
------------
DLL: V4.54a, compiled Sep 17 2012 15:58:45
Firmware: J-Link V9 compiled Jan 21 2016 18:49:33
Hardware: V9.20
Feature(s) : GDB, RDI, FlashBP, FlashDL, JFlash 
 
* JLink Info: Found SWD-DP with ID 0x1BA01477
* JLink Info: Found SWD-DP with ID 0x1BA01477
* JLink Info: TPIU fitted.
* JLink Info: FPUnit: 6 code (BP) slots and 2 literal slots
* JLink Info: Found Cortex-M3 r1p1, Little endian.
ROMTableAddr = 0xE00FF003
 
Target info:
------------
Device: STM32F103C6
VTarget = 3.308V
State of Pins: 
TCK: 0, TDI: 0, TDO: 0, TMS: 1, TRES: 1, TRST: 0
Hardware-Breakpoints: 6
Software-Breakpoints: 8192
Watchpoints:          4
JTAG speed: 6000 kHz
 
Full Chip Erase Done.
Programming Done.
Verify OK.
Application running ...
Build target 'ExP1'
compiling MT_Configure.c...
..\..\User\HardwareDriver\MT_Configure.c(177): warning:  #177-D: variable "MTErrorBufNum" was declared but never referenced
linking...
Program Size: Code=10160 RO-data=268 RW-data=72 ZI-data=3288  
FromELF: creating hex file...
"..\..\Output\ExP1.axf" - 0 Error(s), 1 Warning(s).
Load "..\\..\\Output\\ExP1.AXF" 
Set JLink Project File to "G:\Ragnarok_N\Absolute Encoder - 20160420\Project\RVMDK(uv4)\JLinkSettings.ini"
* JLink Info: Device "STM32F103C6" selected (32 KB flash, 10 KB RAM).
 
JLink info:
------------
DLL: V4.54a, compiled Sep 17 2012 15:58:45
Firmware: J-Link V9 compiled Jan 21 2016 18:49:33
Hardware: V9.20
Feature(s) : GDB, RDI, FlashBP, FlashDL, JFlash 
 
* JLink Info: Found SWD-DP with ID 0x1BA01477
* JLink Info: Found SWD-DP with ID 0x1BA01477
* JLink Info: TPIU fitted.
* JLink Info: FPUnit: 6 code (BP) slots and 2 literal slots
* JLink Info: Found Cortex-M3 r1p1, Little endian.
ROMTableAddr = 0xE00FF003
 
Target info:
------------
Device: STM32F103C6
VTarget = 3.304V
State of Pins: 
TCK: 0, TDI: 0, TDO: 0, TMS: 1, TRES: 1, TRST: 0
Hardware-Breakpoints: 6
Software-Breakpoints: 8192
Watchpoints:          4
JTAG speed: 6000 kHz
 
Full Chip Erase Done.
Programming Done.
Verify OK.
Application running ...
Build target 'ExP1'
compiling main.c...
compiling WDG_Configure.c...
compiling MT_Configure.c...
..\..\User\HardwareDriver\MT_Configure.c(177): warning:  #177-D: variable "MTErrorBufNum" was declared but never referenced
linking...
Program Size: Code=10168 RO-data=268 RW-data=72 ZI-data=3288  
FromELF: creating hex file...
"..\..\Output\ExP1.axf" - 0 Error(s), 1 Warning(s).
Load "..\\..\\Output\\ExP1.AXF" 
Set JLink Project File to "G:\Ragnarok_N\Absolute Encoder - 20160420\Project\RVMDK(uv4)\JLinkSettings.ini"
* JLink Info: Device "STM32F103C6" selected (32 KB flash, 10 KB RAM).
 
JLink info:
------------
DLL: V4.54a, compiled Sep 17 2012 15:58:45
Firmware: J-Link V9 compiled Jan 21 2016 18:49:33
Hardware: V9.20
Feature(s) : GDB, RDI, FlashBP, FlashDL, JFlash 
 
* JLink Info: Found SWD-DP with ID 0x1BA01477
* JLink Info: Found SWD-DP with ID 0x1BA01477
* JLink Info: TPIU fitted.
* JLink Info: FPUnit: 6 code (BP) slots and 2 literal slots
* JLink Info: Found Cortex-M3 r1p1, Little endian.
ROMTableAddr = 0xE00FF003
 
Target info:
------------
Device: STM32F103C6
VTarget = 3.308V
State of Pins: 
TCK: 0, TDI: 0, TDO: 0, TMS: 1, TRES: 1, TRST: 0
Hardware-Breakpoints: 6
Software-Breakpoints: 8192
Watchpoints:          4
JTAG speed: 6000 kHz
 
Full Chip Erase Done.
Programming Done.
Verify OK.
Application running ...
