ARM Linker, 5.02 [Build 28] [MDK-ARM Professional]

==============================================================================

Section Cross References

    startup_stm32f10x_md.o(RESET) refers to startup_stm32f10x_md.o(STACK) for __initial_sp
    startup_stm32f10x_md.o(RESET) refers to startup_stm32f10x_md.o(.text) for Reset_Handler
    startup_stm32f10x_md.o(RESET) refers to stm32f10x_it.o(i.NMI_Handler) for NMI_Handler
    startup_stm32f10x_md.o(RESET) refers to stm32f10x_it.o(i.HardFault_Handler) for HardFault_Handler
    startup_stm32f10x_md.o(RESET) refers to stm32f10x_it.o(i.MemManage_Handler) for MemManage_Handler
    startup_stm32f10x_md.o(RESET) refers to stm32f10x_it.o(i.BusFault_Handler) for BusFault_Handler
    startup_stm32f10x_md.o(RESET) refers to stm32f10x_it.o(i.UsageFault_Handler) for UsageFault_Handler
    startup_stm32f10x_md.o(RESET) refers to stm32f10x_it.o(i.SVC_Handler) for SVC_Handler
    startup_stm32f10x_md.o(RESET) refers to stm32f10x_it.o(i.DebugMon_Handler) for DebugMon_Handler
    startup_stm32f10x_md.o(RESET) refers to stm32f10x_it.o(i.PendSV_Handler) for PendSV_Handler
    startup_stm32f10x_md.o(RESET) refers to stm32f10x_it.o(i.SysTick_Handler) for SysTick_Handler
    startup_stm32f10x_md.o(RESET) refers to can_configure.o(i.USB_HP_CAN1_TX_IRQHandler) for USB_HP_CAN1_TX_IRQHandler
    startup_stm32f10x_md.o(RESET) refers to can_configure.o(i.USB_LP_CAN1_RX0_IRQHandler) for USB_LP_CAN1_RX0_IRQHandler
    startup_stm32f10x_md.o(RESET) refers to gpio_configure.o(i.EXTI9_5_IRQHandler) for EXTI9_5_IRQHandler
    startup_stm32f10x_md.o(RESET) refers to tim_configure.o(i.TIM2_IRQHandler) for TIM2_IRQHandler
    startup_stm32f10x_md.o(RESET) refers to tim_configure.o(i.TIM3_IRQHandler) for TIM3_IRQHandler
    startup_stm32f10x_md.o(RESET) refers to tim_configure.o(i.TIM4_IRQHandler) for TIM4_IRQHandler
    startup_stm32f10x_md.o(RESET) refers to spi_configure.o(i.SPI1_IRQHandler) for SPI1_IRQHandler
    startup_stm32f10x_md.o(.text) refers to system_stm32f10x.o(i.SystemInit) for SystemInit
    startup_stm32f10x_md.o(.text) refers to entry.o(.ARM.Collect$$$$00000000) for __main
    system_stm32f10x.o(i.SetSysClock) refers to system_stm32f10x.o(i.SetSysClockTo72) for SetSysClockTo72
    system_stm32f10x.o(i.SystemCoreClockUpdate) refers to system_stm32f10x.o(.data) for SystemCoreClock
    system_stm32f10x.o(i.SystemInit) refers to system_stm32f10x.o(i.SetSysClock) for SetSysClock
    stm32f10x_adc.o(i.ADC_DeInit) refers to stm32f10x_rcc.o(i.RCC_APB2PeriphResetCmd) for RCC_APB2PeriphResetCmd
    stm32f10x_bkp.o(i.BKP_DeInit) refers to stm32f10x_rcc.o(i.RCC_BackupResetCmd) for RCC_BackupResetCmd
    stm32f10x_can.o(i.CAN_DeInit) refers to stm32f10x_rcc.o(i.RCC_APB1PeriphResetCmd) for RCC_APB1PeriphResetCmd
    stm32f10x_can.o(i.CAN_GetITStatus) refers to stm32f10x_can.o(i.CheckITStatus) for CheckITStatus
    stm32f10x_cec.o(i.CEC_DeInit) refers to stm32f10x_rcc.o(i.RCC_APB1PeriphResetCmd) for RCC_APB1PeriphResetCmd
    stm32f10x_dac.o(i.DAC_DeInit) refers to stm32f10x_rcc.o(i.RCC_APB1PeriphResetCmd) for RCC_APB1PeriphResetCmd
    stm32f10x_flash.o(i.FLASH_EnableWriteProtection) refers to stm32f10x_flash.o(i.FLASH_WaitForLastOperation) for FLASH_WaitForLastOperation
    stm32f10x_flash.o(i.FLASH_EraseAllBank1Pages) refers to stm32f10x_flash.o(i.FLASH_WaitForLastBank1Operation) for FLASH_WaitForLastBank1Operation
    stm32f10x_flash.o(i.FLASH_EraseAllPages) refers to stm32f10x_flash.o(i.FLASH_WaitForLastOperation) for FLASH_WaitForLastOperation
    stm32f10x_flash.o(i.FLASH_EraseOptionBytes) refers to stm32f10x_flash.o(i.FLASH_GetReadOutProtectionStatus) for FLASH_GetReadOutProtectionStatus
    stm32f10x_flash.o(i.FLASH_EraseOptionBytes) refers to stm32f10x_flash.o(i.FLASH_WaitForLastOperation) for FLASH_WaitForLastOperation
    stm32f10x_flash.o(i.FLASH_ErasePage) refers to stm32f10x_flash.o(i.FLASH_WaitForLastOperation) for FLASH_WaitForLastOperation
    stm32f10x_flash.o(i.FLASH_ProgramHalfWord) refers to stm32f10x_flash.o(i.FLASH_WaitForLastOperation) for FLASH_WaitForLastOperation
    stm32f10x_flash.o(i.FLASH_ProgramOptionByteData) refers to stm32f10x_flash.o(i.FLASH_WaitForLastOperation) for FLASH_WaitForLastOperation
    stm32f10x_flash.o(i.FLASH_ProgramWord) refers to stm32f10x_flash.o(i.FLASH_WaitForLastOperation) for FLASH_WaitForLastOperation
    stm32f10x_flash.o(i.FLASH_ReadOutProtection) refers to stm32f10x_flash.o(i.FLASH_WaitForLastOperation) for FLASH_WaitForLastOperation
    stm32f10x_flash.o(i.FLASH_UserOptionByteConfig) refers to stm32f10x_flash.o(i.FLASH_WaitForLastOperation) for FLASH_WaitForLastOperation
    stm32f10x_flash.o(i.FLASH_WaitForLastBank1Operation) refers to stm32f10x_flash.o(i.FLASH_GetBank1Status) for FLASH_GetBank1Status
    stm32f10x_flash.o(i.FLASH_WaitForLastOperation) refers to stm32f10x_flash.o(i.FLASH_GetBank1Status) for FLASH_GetBank1Status
[...]
    wdg_configure.o(i.IWDG_Config) refers to stm32f10x_iwdg.o(i.IWDG_WriteAccessCmd) for IWDG_WriteAccessCmd
    wdg_configure.o(i.IWDG_Config) refers to stm32f10x_iwdg.o(i.IWDG_SetPrescaler) for IWDG_SetPrescaler
    wdg_configure.o(i.IWDG_Config) refers to stm32f10x_iwdg.o(i.IWDG_SetReload) for IWDG_SetReload
    wdg_configure.o(i.IWDG_Config) refers to stm32f10x_iwdg.o(i.IWDG_ReloadCounter) for IWDG_ReloadCounter
    wdg_configure.o(i.IWDG_Config) refers to stm32f10x_iwdg.o(i.IWDG_Enable) for IWDG_Enable
    nvic_configure.o(i.NVIC_Config) refers to misc.o(i.NVIC_SetVectorTable) for NVIC_SetVectorTable
    nvic_configure.o(i.NVIC_Config) refers to misc.o(i.NVIC_PriorityGroupConfig) for NVIC_PriorityGroupConfig
    mt_configure.o(i.MTDAT_Ctrl) refers to stm32f10x_gpio.o(i.GPIO_ReadInputDataBit) for GPIO_ReadInputDataBit
    mt_configure.o(i.MTMUX_Ctrl) refers to stm32f10x_gpio.o(i.GPIO_ResetBits) for GPIO_ResetBits
    mt_configure.o(i.MTMUX_Ctrl) refers to stm32f10x_gpio.o(i.GPIO_SetBits) for GPIO_SetBits
    mt_configure.o(i.MT_Check) refers to mt_configure.o(.data) for StartUp
    mt_configure.o(i.MT_Check) refers to mt_configure.o(.bss) for MT_MUXDATABUF
    mt_configure.o(i.MT_Scan) refers to mtdat_demux.o(i.MT_AdjustmentTurn) for MT_AdjustmentTurn
    mt_configure.o(i.MT_Scan) refers to mt_configure.o(i.MT_Turn_Count) for MT_Turn_Count
    mt_configure.o(i.MT_Scan) refers to mt_configure.o(.bss) for MT_MUXDAT
    mt_configure.o(i.MT_TimerScan) refers to mt_configure.o(i.MTDAT_Ctrl) for MTDAT_Ctrl
    mt_configure.o(i.MT_TimerScan) refers to mt_configure.o(i.MTMUX_Ctrl) for MTMUX_Ctrl
    mt_configure.o(i.MT_TimerScan) refers to mt_configure.o(.bss) for MT_MUXDAT
    mt_configure.o(i.MT_TimerScan) refers to mt_configure.o(.data) for HisCHx
    mt_configure.o(i.MT_Turn_Count) refers to mtdat_demux.o(i.MT_Logic) for MT_Logic
    mt_configure.o(i.MT_Turn_Count) refers to mtdat_demux.o(i.MT_LogicTransform12Bit) for MT_LogicTransform12Bit
    mt_configure.o(i.MT_Turn_Count) refers to mtdat_demux.o(i.MT_LogicTransform13Bit) for MT_LogicTransform13Bit
    mt_configure.o(i.MT_Turn_Count) refers to mt_configure.o(i.MT_Check) for MT_Check
    mt_configure.o(i.MT_Turn_Count) refers to mt_configure.o(.bss) for MT_MUXDAT
    mtdat_demux.o(i.MT_AdjustmentTurn) refers to stdat_demux.o(.bss) for STDAT_Buf
    mtdat_demux.o(i.MT_AdjustmentTurn) refers to mtdat_demux.o(.data) for TempAngleValue_HalfF
    mtdat_demux.o(i.MT_Logic) refers to mtdat_demux.o(.data) for LogicValue
    candat_handle.o(i.CAN_RAND) refers to candat_handle.o(.data) for RAND_NUM
    candat_handle.o(i.CanCommandBack) refers to can_configure.o(i.EquipmentDataTx) for EquipmentDataTx
    candat_handle.o(i.CanCommandBack) refers to can_configure.o(i.CAN1_TxExtData) for CAN1_TxExtData
    candat_handle.o(i.CanCommandBack) refers to candat_handle.o(.bss) for Self_Message
    candat_handle.o(i.CanCommandBack) refers to candat_handle.o(.data) for CAN_RandomNo
    candat_handle.o(i.CanCommandBack) refers to mt_configure.o(.bss) for MT_MUXDAT
    candat_handle.o(i.CanCommandGet) refers to candat_handle.o(.bss) for Self_Message
    candat_handle.o(i.CanCommandGet) refers to stdat_demux.o(.bss) for STDAT_Buf
    candat_handle.o(i.CanData_12BitBuf) refers to candat_handle.o(.bss) for Self_Message
    candat_handle.o(i.CanData_13BitBuf) refers to nidhogg_math.o(i.MidAverageValue) for MidAverageValue
    candat_handle.o(i.CanData_13BitBuf) refers to candat_handle.o(.data) for TTnum
    candat_handle.o(i.CanData_13BitBuf) refers to candat_handle.o(.bss) for Self_Message
    stdat_demux.o(i.ST_GetData) refers to stdat_demux.o(.data) for STDataStandard
    stdat_demux.o(i.ST_GetData) refers to stdat_demux.o(.bss) for STDAT_Buf
    stdat_demux.o(i.ST_ReceiveData) refers to stdat_demux.o(i.ST_GetData) for ST_GetData
    stdat_demux.o(i.ST_ReceiveData) refers to stm32f10x_gpio.o(i.GPIO_SetBits) for GPIO_SetBits
    stdat_demux.o(i.ST_ReceiveData) refers to stdat_demux.o(.bss) for STDAT_Buf
    stdat_demux.o(i.TimOutCheck) refers to stdat_demux.o(.bss) for STDAT_Buf
    stdat_demux.o(i.TurnCheck_Interput) refers to stdat_demux.o(.bss) for STDAT_Buf
    nidhogg_math.o(i.AverageDeviation) refers to nidhogg_math.o(i.MidAverageCount) for MidAverageCount
    entry.o(.ARM.Collect$$$$00000000) refers (Special) to entry7b.o(.ARM.Collect$$$$00000008) for _main_clock
    entry.o(.ARM.Collect$$$$00000000) refers (Special) to entry8.o(.ARM.Collect$$$$00000009) for _main_init
    entry.o(.ARM.Collect$$$$00000000) refers (Special) to entry5.o(.ARM.Collect$$$$00000004) for _main_scatterload
    entry.o(.ARM.Collect$$$$00000000) refers (Special) to entry2.o(.ARM.Collect$$$$00000001) for _main_stk
    entry2.o(.ARM.Collect$$$$00000001) refers to entry2.o(.ARM.Collect$$$$00002712) for __lit__00000000
    entry2.o(.ARM.Collect$$$$00002712) refers to startup_stm32f10x_md.o(STACK) for __initial_sp
    entry2.o(__vectab_stack_and_reset_area) refers to startup_stm32f10x_md.o(STACK) for __initial_sp
    entry2.o(__vectab_stack_and_reset_area) refers to entry.o(.ARM.Collect$$$$00000000) for __main
    entry5.o(.ARM.Collect$$$$00000004) refers to init.o(.text) for __scatterload
    entry8.o(.ARM.Collect$$$$00000009) refers to main.o(i.main) for main
    init.o(.text) refers to entry5.o(.ARM.Collect$$$$00000004) for __main_after_scatterload


==============================================================================

Removing Unused input sections from the image.

    Removing startup_stm32f10x_md.o(HEAP), (512 bytes).
    Removing core_cm3.o(.emb_text), (32 bytes).
    Removing system_stm32f10x.o(i.SystemCoreClockUpdate), (164 bytes).
    Removing system_stm32f10x.o(.data), (20 bytes).
    Removing misc.o(i.NVIC_SystemLPConfig), (32 bytes).
    Removing misc.o(i.SysTick_CLKSourceConfig), (40 bytes).
    Removing stm32f10x_adc.o(i.ADC_AnalogWatchdogCmd), (20 bytes).
    Removing stm32f10x_adc.o(i.ADC_AnalogWatchdogSingleChannelConfig), (16 bytes).
    Removing stm32f10x_adc.o(i.ADC_AnalogWatchdogThresholdsConfig), (6 bytes).
    Removing stm32f10x_adc.o(i.ADC_AutoInjectedConvCmd), (22 bytes).
    Removing stm32f10x_adc.o(i.ADC_ClearFlag), (6 bytes).
    Removing stm32f10x_adc.o(i.ADC_ClearITPendingBit), (10 bytes).
    Removing stm32f10x_adc.o(i.ADC_Cmd), (22 bytes).
    Removing stm32f10x_adc.o(i.ADC_DMACmd), (22 bytes).
    Removing stm32f10x_adc.o(i.ADC_DeInit), (92 bytes).
    Removing stm32f10x_adc.o(i.ADC_DiscModeChannelCountConfig), (24 bytes).
    Removing stm32f10x_adc.o(i.ADC_DiscModeCmd), (22 bytes).
    Removing stm32f10x_adc.o(i.ADC_ExternalTrigConvCmd), (22 bytes).
    Removing stm32f10x_adc.o(i.ADC_ExternalTrigInjectedConvCmd), (22 bytes).
    Removing stm32f10x_adc.o(i.ADC_ExternalTrigInjectedConvConfig), (16 bytes).
    Removing stm32f10x_adc.o(i.ADC_GetCalibrationStatus), (20 bytes).
    Removing stm32f10x_adc.o(i.ADC_GetConversionValue), (8 bytes).
    Removing stm32f10x_adc.o(i.ADC_GetDualModeConversionValue), (12 bytes).
    Removing stm32f10x_adc.o(i.ADC_GetFlagStatus), (18 bytes).
    Removing stm32f10x_adc.o(i.ADC_GetITStatus), (36 bytes).
    Removing stm32f10x_adc.o(i.ADC_GetInjectedConversionValue), (18 bytes).
    Removing stm32f10x_adc.o(i.ADC_GetResetCalibrationStatus), (20 bytes).
    Removing stm32f10x_adc.o(i.ADC_GetSoftwareStartConvStatus), (20 bytes).
    Removing stm32f10x_adc.o(i.ADC_GetSoftwareStartInjectedConvCmdStatus), (20 bytes).
    Removing stm32f10x_adc.o(i.ADC_ITConfig), (24 bytes).
    Removing stm32f10x_adc.o(i.ADC_Init), (80 bytes).
    Removing stm32f10x_adc.o(i.ADC_InjectedChannelConfig), (130 bytes).
    Removing stm32f10x_adc.o(i.ADC_InjectedDiscModeCmd), (22 bytes).
    Removing stm32f10x_adc.o(i.ADC_InjectedSequencerLengthConfig), (24 bytes).
    Removing stm32f10x_adc.o(i.ADC_RegularChannelConfig), (184 bytes).
    Removing stm32f10x_adc.o(i.ADC_ResetCalibration), (10 bytes).
    Removing stm32f10x_adc.o(i.ADC_SetInjectedOffset), (12 bytes).
    Removing stm32f10x_adc.o(i.ADC_SoftwareStartConvCmd), (22 bytes).
    Removing stm32f10x_adc.o(i.ADC_SoftwareStartInjectedConvCmd), (22 bytes).
    Removing stm32f10x_adc.o(i.ADC_StartCalibration), (10 bytes).
    Removing stm32f10x_adc.o(i.ADC_StructInit), (18 bytes).
    Removing stm32f10x_adc.o(i.ADC_TempSensorVrefintCmd), (36 bytes).
    Removing stm32f10x_bkp.o(i.BKP_ClearFlag), (20 bytes).
    Removing stm32f10x_bkp.o(i.BKP_ClearITPendingBit), (20 bytes).
    Removing stm32f10x_bkp.o(i.BKP_DeInit), (16 bytes).
    Removing stm32f10x_bkp.o(i.BKP_GetFlagStatus), (12 bytes).
    Removing stm32f10x_bkp.o(i.BKP_GetITStatus), (12 bytes).
    Removing stm32f10x_bkp.o(i.BKP_ITConfig), (12 bytes).
    Removing stm32f10x_bkp.o(i.BKP_RTCOutputConfig), (28 bytes).
    Removing stm32f10x_bkp.o(i.BKP_ReadBackupRegister), (16 bytes).
    Removing stm32f10x_bkp.o(i.BKP_SetRTCCalibrationValue), (28 bytes).
    Removing stm32f10x_bkp.o(i.BKP_TamperPinCmd), (12 bytes).
    Removing stm32f10x_bkp.o(i.BKP_TamperPinLevelConfig), (12 bytes).
    Removing stm32f10x_bkp.o(i.BKP_WriteBackupRegister), (16 bytes).
    Removing stm32f10x_can.o(i.CAN_CancelTransmit), (48 bytes).
    Removing stm32f10x_can.o(i.CAN_ClearFlag), (56 bytes).
    Removing stm32f10x_can.o(i.CAN_DBGFreeze), (22 bytes).
    Removing stm32f10x_can.o(i.CAN_FIFORelease), (22 bytes).
    Removing stm32f10x_can.o(i.CAN_GetFlagStatus), (120 bytes).
    Removing stm32f10x_can.o(i.CAN_GetLSBTransmitErrorCounter), (12 bytes).
    Removing stm32f10x_can.o(i.CAN_GetLastErrorCode), (12 bytes).
    Removing stm32f10x_can.o(i.CAN_GetReceiveErrorCounter), (10 bytes).
    Removing stm32f10x_can.o(i.CAN_MessagePending), (30 bytes).
    Removing stm32f10x_can.o(i.CAN_OperatingModeRequest), (162 bytes).
    Removing stm32f10x_can.o(i.CAN_SlaveStartBank), (52 bytes).
    Removing stm32f10x_can.o(i.CAN_Sleep), (30 bytes).
    Removing stm32f10x_can.o(i.CAN_StructInit), (32 bytes).
    Removing stm32f10x_can.o(i.CAN_TTComModeCmd), (118 bytes).
    Removing stm32f10x_can.o(i.CAN_TransmitStatus), (160 bytes).
    Removing stm32f10x_can.o(i.CAN_WakeUp), (48 bytes).
    Removing stm32f10x_cec.o(i.CEC_ClearFlag), (36 bytes).
    Removing stm32f10x_cec.o(i.CEC_ClearITPendingBit), (36 bytes).
    Removing stm32f10x_cec.o(i.CEC_Cmd), (28 bytes).
    Removing stm32f10x_cec.o(i.CEC_DeInit), (22 bytes).
    Removing stm32f10x_cec.o(i.CEC_EndOfMessageCmd), (12 bytes).
    Removing stm32f10x_cec.o(i.CEC_GetFlagStatus), (48 bytes).
    Removing stm32f10x_cec.o(i.CEC_GetITStatus), (40 bytes).
    Removing stm32f10x_cec.o(i.CEC_ITConfig), (12 bytes).
    Removing stm32f10x_cec.o(i.CEC_Init), (32 bytes).
    Removing stm32f10x_cec.o(i.CEC_OwnAddressConfig), (12 bytes).
    Removing stm32f10x_cec.o(i.CEC_ReceiveDataByte), (12 bytes).
    Removing stm32f10x_cec.o(i.CEC_SendDataByte), (12 bytes).
    Removing stm32f10x_cec.o(i.CEC_SetPrescaler), (12 bytes).
    Removing stm32f10x_cec.o(i.CEC_StartOfMessage), (12 bytes).
    Removing stm32f10x_crc.o(i.CRC_CalcBlockCRC), (36 bytes).
    Removing stm32f10x_crc.o(i.CRC_CalcCRC), (16 bytes).
    Removing stm32f10x_crc.o(i.CRC_GetCRC), (12 bytes).
    Removing stm32f10x_crc.o(i.CRC_GetIDRegister), (12 bytes).
    Removing stm32f10x_crc.o(i.CRC_ResetDR), (12 bytes).
    Removing stm32f10x_crc.o(i.CRC_SetIDRegister), (12 bytes).
    Removing stm32f10x_dac.o(i.DAC_Cmd), (40 bytes).
    Removing stm32f10x_dac.o(i.DAC_DMACmd), (44 bytes).
    Removing stm32f10x_dac.o(i.DAC_DeInit), (22 bytes).
    Removing stm32f10x_dac.o(i.DAC_DualSoftwareTriggerCmd), (36 bytes).
    Removing stm32f10x_dac.o(i.DAC_GetDataOutputValue), (24 bytes).
    Removing stm32f10x_dac.o(i.DAC_Init), (52 bytes).
    Removing stm32f10x_dac.o(i.DAC_SetChannel1Data), (20 bytes).
    Removing stm32f10x_dac.o(i.DAC_SetChannel2Data), (20 bytes).
    Removing stm32f10x_dac.o(i.DAC_SetDualChannelData), (36 bytes).
    Removing stm32f10x_dac.o(i.DAC_SoftwareTriggerCmd), (44 bytes).
    Removing stm32f10x_dac.o(i.DAC_StructInit), (12 bytes).
    Removing stm32f10x_dac.o(i.DAC_WaveGenerationCmd), (40 bytes).
    Removing stm32f10x_dbgmcu.o(i.DBGMCU_Config), (32 bytes).
    Removing stm32f10x_dbgmcu.o(i.DBGMCU_GetDEVID), (16 bytes).
    Removing stm32f10x_dbgmcu.o(i.DBGMCU_GetREVID), (12 bytes).
    Removing stm32f10x_dma.o(i.DMA_ClearFlag), (28 bytes).
    Removing stm32f10x_dma.o(i.DMA_ClearITPendingBit), (28 bytes).
    Removing stm32f10x_dma.o(i.DMA_DeInit), (332 bytes).
    Removing stm32f10x_dma.o(i.DMA_GetCurrDataCounter), (8 bytes).
    Removing stm32f10x_dma.o(i.DMA_GetFlagStatus), (44 bytes).
    Removing stm32f10x_dma.o(i.DMA_GetITStatus), (44 bytes).
    Removing stm32f10x_dma.o(i.DMA_ITConfig), (18 bytes).
    Removing stm32f10x_dma.o(i.DMA_SetCurrDataCounter), (4 bytes).
    Removing stm32f10x_dma.o(i.DMA_StructInit), (26 bytes).
    Removing stm32f10x_exti.o(i.EXTI_ClearFlag), (12 bytes).
    Removing stm32f10x_exti.o(i.EXTI_DeInit), (36 bytes).
    Removing stm32f10x_exti.o(i.EXTI_GenerateSWInterrupt), (16 bytes).
    Removing stm32f10x_exti.o(i.EXTI_GetFlagStatus), (24 bytes).
    Removing stm32f10x_exti.o(i.EXTI_StructInit), (16 bytes).
    Removing stm32f10x_flash.o(i.FLASH_ClearFlag), (12 bytes).
    Removing stm32f10x_flash.o(i.FLASH_EnableWriteProtection), (196 bytes).
    Removing stm32f10x_flash.o(i.FLASH_EraseAllBank1Pages), (72 bytes).
    Removing stm32f10x_flash.o(i.FLASH_EraseAllPages), (72 bytes).
    Removing stm32f10x_flash.o(i.FLASH_EraseOptionBytes), (168 bytes).
    Removing stm32f10x_flash.o(i.FLASH_ErasePage), (76 bytes).
    Removing stm32f10x_flash.o(i.FLASH_GetBank1Status), (52 bytes).
    Removing stm32f10x_flash.o(i.FLASH_GetFlagStatus), (48 bytes).
    Removing stm32f10x_flash.o(i.FLASH_GetPrefetchBufferStatus), (24 bytes).
    Removing stm32f10x_flash.o(i.FLASH_GetReadOutProtectionStatus), (24 bytes).
    Removing stm32f10x_flash.o(i.FLASH_GetStatus), (52 bytes).
    Removing stm32f10x_flash.o(i.FLASH_GetUserOptionByte), (12 bytes).
    Removing stm32f10x_flash.o(i.FLASH_GetWriteProtectionOptionByte), (12 bytes).
    Removing stm32f10x_flash.o(i.FLASH_HalfCycleAccessCmd), (28 bytes).
    Removing stm32f10x_flash.o(i.FLASH_ITConfig), (32 bytes).
    Removing stm32f10x_flash.o(i.FLASH_Lock), (20 bytes).
    Removing stm32f10x_flash.o(i.FLASH_LockBank1), (20 bytes).
    Removing stm32f10x_flash.o(i.FLASH_ProgramHalfWord), (64 bytes).
    Removing stm32f10x_flash.o(i.FLASH_ProgramOptionByteData), (84 bytes).
    Removing stm32f10x_flash.o(i.FLASH_ProgramWord), (100 bytes).
    Removing stm32f10x_flash.o(i.FLASH_ReadOutProtection), (172 bytes).
    Removing stm32f10x_flash.o(i.FLASH_Unlock), (24 bytes).
    Removing stm32f10x_flash.o(i.FLASH_UnlockBank1), (24 bytes).
    Removing stm32f10x_flash.o(i.FLASH_UserOptionByteConfig), (104 bytes).
    Removing stm32f10x_flash.o(i.FLASH_WaitForLastBank1Operation), (38 bytes).
    Removing stm32f10x_flash.o(i.FLASH_WaitForLastOperation), (38 bytes).
    Removing stm32f10x_fsmc.o(i.FSMC_ClearFlag), (72 bytes).
    Removing stm32f10x_fsmc.o(i.FSMC_ClearITPendingBit), (72 bytes).
    Removing stm32f10x_fsmc.o(i.FSMC_GetECC), (28 bytes).
    Removing stm32f10x_fsmc.o(i.FSMC_GetFlagStatus), (56 bytes).
    Removing stm32f10x_fsmc.o(i.FSMC_GetITStatus), (68 bytes).
    Removing stm32f10x_fsmc.o(i.FSMC_ITConfig), (136 bytes).
    Removing stm32f10x_fsmc.o(i.FSMC_NANDCmd), (92 bytes).
    Removing stm32f10x_fsmc.o(i.FSMC_NANDDeInit), (72 bytes).
    Removing stm32f10x_fsmc.o(i.FSMC_NANDECCCmd), (92 bytes).
    Removing stm32f10x_fsmc.o(i.FSMC_NANDInit), (140 bytes).
    Removing stm32f10x_fsmc.o(i.FSMC_NANDStructInit), (54 bytes).
    Removing stm32f10x_fsmc.o(i.FSMC_NORSRAMCmd), (52 bytes).
    Removing stm32f10x_fsmc.o(i.FSMC_NORSRAMDeInit), (56 bytes).
    Removing stm32f10x_fsmc.o(i.FSMC_NORSRAMInit), (224 bytes).
    Removing stm32f10x_fsmc.o(i.FSMC_NORSRAMStructInit), (114 bytes).
    Removing stm32f10x_fsmc.o(i.FSMC_PCCARDCmd), (48 bytes).
    Removing stm32f10x_fsmc.o(i.FSMC_PCCARDDeInit), (48 bytes).
    Removing stm32f10x_fsmc.o(i.FSMC_PCCARDInit), (136 bytes).
    Removing stm32f10x_fsmc.o(i.FSMC_PCCARDStructInit), (60 bytes).
    Removing stm32f10x_gpio.o(i.GPIO_AFIODeInit), (20 bytes).
    Removing stm32f10x_gpio.o(i.GPIO_DeInit), (200 bytes).
    Removing stm32f10x_gpio.o(i.GPIO_ETH_MediaInterfaceConfig), (12 bytes).
    Removing stm32f10x_gpio.o(i.GPIO_EventOutputCmd), (12 bytes).
    Removing stm32f10x_gpio.o(i.GPIO_EventOutputConfig), (32 bytes).
    Removing stm32f10x_gpio.o(i.GPIO_PinLockConfig), (18 bytes).
    Removing stm32f10x_gpio.o(i.GPIO_PinRemapConfig), (144 bytes).
    Removing stm32f10x_gpio.o(i.GPIO_ReadInputData), (8 bytes).
    Removing stm32f10x_gpio.o(i.GPIO_ReadOutputData), (8 bytes).
    Removing stm32f10x_gpio.o(i.GPIO_Write), (4 bytes).
    Removing stm32f10x_gpio.o(i.GPIO_WriteBit), (10 bytes).
    Removing stm32f10x_i2c.o(i.I2C_ARPCmd), (24 bytes).
    Removing stm32f10x_i2c.o(i.I2C_AcknowledgeConfig), (24 bytes).
    Removing stm32f10x_i2c.o(i.I2C_CalculatePEC), (24 bytes).
    Removing stm32f10x_i2c.o(i.I2C_CheckEvent), (42 bytes).
    Removing stm32f10x_i2c.o(i.I2C_ClearFlag), (12 bytes).
    Removing stm32f10x_i2c.o(i.I2C_ClearITPendingBit), (12 bytes).
    Removing stm32f10x_i2c.o(i.I2C_Cmd), (24 bytes).
    Removing stm32f10x_i2c.o(i.I2C_DMACmd), (24 bytes).
    Removing stm32f10x_i2c.o(i.I2C_DMALastTransferCmd), (24 bytes).
    Removing stm32f10x_i2c.o(i.I2C_DeInit), (56 bytes).
    Removing stm32f10x_i2c.o(i.I2C_DualAddressCmd), (24 bytes).
    Removing stm32f10x_i2c.o(i.I2C_FastModeDutyCycleConfig), (28 bytes).
    Removing stm32f10x_i2c.o(i.I2C_GeneralCallCmd), (24 bytes).
    Removing stm32f10x_i2c.o(i.I2C_GenerateSTART), (24 bytes).
    Removing stm32f10x_i2c.o(i.I2C_GenerateSTOP), (24 bytes).
    Removing stm32f10x_i2c.o(i.I2C_GetFlagStatus), (42 bytes).
    Removing stm32f10x_i2c.o(i.I2C_GetITStatus), (38 bytes).
    Removing stm32f10x_i2c.o(i.I2C_GetLastEvent), (26 bytes).
    Removing stm32f10x_i2c.o(i.I2C_GetPEC), (8 bytes).
    Removing stm32f10x_i2c.o(i.I2C_ITConfig), (18 bytes).
    Removing stm32f10x_i2c.o(i.I2C_Init), (236 bytes).
    Removing stm32f10x_i2c.o(i.I2C_NACKPositionConfig), (28 bytes).
    Removing stm32f10x_i2c.o(i.I2C_OwnAddress2Config), (22 bytes).
    Removing stm32f10x_i2c.o(i.I2C_PECPositionConfig), (28 bytes).
    Removing stm32f10x_i2c.o(i.I2C_ReadRegister), (12 bytes).
    Removing stm32f10x_i2c.o(i.I2C_ReceiveData), (8 bytes).
    Removing stm32f10x_i2c.o(i.I2C_SMBusAlertConfig), (28 bytes).
    Removing stm32f10x_i2c.o(i.I2C_Send7bitAddress), (18 bytes).
    Removing stm32f10x_i2c.o(i.I2C_SendData), (4 bytes).
    Removing stm32f10x_i2c.o(i.I2C_SoftwareResetCmd), (22 bytes).
    Removing stm32f10x_i2c.o(i.I2C_StretchClockCmd), (24 bytes).
    Removing stm32f10x_i2c.o(i.I2C_StructInit), (30 bytes).
    Removing stm32f10x_i2c.o(i.I2C_TransmitPEC), (24 bytes).
    Removing stm32f10x_iwdg.o(i.IWDG_GetFlagStatus), (24 bytes).
    Removing stm32f10x_pwr.o(i.PWR_BackupAccessCmd), (12 bytes).
    Removing stm32f10x_pwr.o(i.PWR_ClearFlag), (20 bytes).
    Removing stm32f10x_pwr.o(i.PWR_DeInit), (22 bytes).
    Removing stm32f10x_pwr.o(i.PWR_EnterSTANDBYMode), (52 bytes).
    Removing stm32f10x_pwr.o(i.PWR_EnterSTOPMode), (64 bytes).
    Removing stm32f10x_pwr.o(i.PWR_GetFlagStatus), (24 bytes).
    Removing stm32f10x_pwr.o(i.PWR_PVDCmd), (12 bytes).
    Removing stm32f10x_pwr.o(i.PWR_PVDLevelConfig), (24 bytes).
    Removing stm32f10x_pwr.o(i.PWR_WakeUpPinCmd), (12 bytes).
    Removing stm32f10x_rcc.o(i.RCC_APB2PeriphResetCmd), (32 bytes).
    Removing stm32f10x_rcc.o(i.RCC_AdjustHSICalibrationValue), (24 bytes).
    Removing stm32f10x_rcc.o(i.RCC_BackupResetCmd), (12 bytes).
    Removing stm32f10x_rcc.o(i.RCC_ClearFlag), (20 bytes).
    Removing stm32f10x_rcc.o(i.RCC_ClearITPendingBit), (12 bytes).
    Removing stm32f10x_rcc.o(i.RCC_ClockSecuritySystemCmd), (12 bytes).
    Removing stm32f10x_rcc.o(i.RCC_GetClocksFreq), (212 bytes).
    Removing stm32f10x_rcc.o(i.RCC_GetITStatus), (24 bytes).
    Removing stm32f10x_rcc.o(i.RCC_HSICmd), (12 bytes).
    Removing stm32f10x_rcc.o(i.RCC_ITConfig), (32 bytes).
    Removing stm32f10x_rcc.o(i.RCC_LSEConfig), (52 bytes).
    Removing stm32f10x_rcc.o(i.RCC_LSICmd), (12 bytes).
    Removing stm32f10x_rcc.o(i.RCC_MCOConfig), (12 bytes).
    Removing stm32f10x_rcc.o(i.RCC_RTCCLKCmd), (12 bytes).
    Removing stm32f10x_rcc.o(i.RCC_RTCCLKConfig), (16 bytes).
    Removing stm32f10x_rcc.o(i.RCC_USBCLKConfig), (12 bytes).
    Removing stm32f10x_rcc.o(.data), (20 bytes).
    Removing stm32f10x_rtc.o(i.RTC_ClearFlag), (16 bytes).
    Removing stm32f10x_rtc.o(i.RTC_ClearITPendingBit), (16 bytes).
    Removing stm32f10x_rtc.o(i.RTC_EnterConfigMode), (20 bytes).
    Removing stm32f10x_rtc.o(i.RTC_ExitConfigMode), (20 bytes).
    Removing stm32f10x_rtc.o(i.RTC_GetCounter), (20 bytes).
    Removing stm32f10x_rtc.o(i.RTC_GetDivider), (24 bytes).
    Removing stm32f10x_rtc.o(i.RTC_GetFlagStatus), (24 bytes).
    Removing stm32f10x_rtc.o(i.RTC_GetITStatus), (36 bytes).
    Removing stm32f10x_rtc.o(i.RTC_ITConfig), (32 bytes).
    Removing stm32f10x_rtc.o(i.RTC_SetAlarm), (28 bytes).
    Removing stm32f10x_rtc.o(i.RTC_SetCounter), (28 bytes).
    Removing stm32f10x_rtc.o(i.RTC_SetPrescaler), (32 bytes).
    Removing stm32f10x_rtc.o(i.RTC_WaitForLastTask), (20 bytes).
    Removing stm32f10x_rtc.o(i.RTC_WaitForSynchro), (32 bytes).
    Removing stm32f10x_sdio.o(i.SDIO_CEATAITCmd), (16 bytes).
    Removing stm32f10x_sdio.o(i.SDIO_ClearFlag), (12 bytes).
    Removing stm32f10x_sdio.o(i.SDIO_ClearITPendingBit), (12 bytes).
    Removing stm32f10x_sdio.o(i.SDIO_ClockCmd), (12 bytes).
    Removing stm32f10x_sdio.o(i.SDIO_CmdStructInit), (14 bytes).
    Removing stm32f10x_sdio.o(i.SDIO_CommandCompletionCmd), (12 bytes).
    Removing stm32f10x_sdio.o(i.SDIO_DMACmd), (12 bytes).
    Removing stm32f10x_sdio.o(i.SDIO_DataConfig), (48 bytes).
    Removing stm32f10x_sdio.o(i.SDIO_DataStructInit), (20 bytes).
    Removing stm32f10x_sdio.o(i.SDIO_DeInit), (36 bytes).
    Removing stm32f10x_sdio.o(i.SDIO_GetCommandResponse), (12 bytes).
    Removing stm32f10x_sdio.o(i.SDIO_GetDataCounter), (12 bytes).
    Removing stm32f10x_sdio.o(i.SDIO_GetFIFOCount), (12 bytes).
    Removing stm32f10x_sdio.o(i.SDIO_GetFlagStatus), (24 bytes).
    Removing stm32f10x_sdio.o(i.SDIO_GetITStatus), (24 bytes).
    Removing stm32f10x_sdio.o(i.SDIO_GetPowerState), (16 bytes).
    Removing stm32f10x_sdio.o(i.SDIO_GetResponse), (16 bytes).
    Removing stm32f10x_sdio.o(i.SDIO_ITConfig), (32 bytes).
    Removing stm32f10x_sdio.o(i.SDIO_Init), (48 bytes).
    Removing stm32f10x_sdio.o(i.SDIO_ReadData), (12 bytes).
    Removing stm32f10x_sdio.o(i.SDIO_SendCEATACmd), (12 bytes).
    Removing stm32f10x_sdio.o(i.SDIO_SendCommand), (44 bytes).
    Removing stm32f10x_sdio.o(i.SDIO_SendSDIOSuspendCmd), (12 bytes).
    Removing stm32f10x_sdio.o(i.SDIO_SetPowerState), (28 bytes).
    Removing stm32f10x_sdio.o(i.SDIO_SetSDIOOperation), (12 bytes).
    Removing stm32f10x_sdio.o(i.SDIO_SetSDIOReadWaitMode), (12 bytes).
    Removing stm32f10x_sdio.o(i.SDIO_StartSDIOReadWait), (12 bytes).
    Removing stm32f10x_sdio.o(i.SDIO_StopSDIOReadWait), (12 bytes).
    Removing stm32f10x_sdio.o(i.SDIO_StructInit), (16 bytes).
    Removing stm32f10x_sdio.o(i.SDIO_WriteData), (12 bytes).
    Removing stm32f10x_spi.o(i.I2S_Cmd), (24 bytes).
    Removing stm32f10x_spi.o(i.I2S_Init), (232 bytes).
    Removing stm32f10x_spi.o(i.I2S_StructInit), (20 bytes).
    Removing stm32f10x_spi.o(i.SPI_BiDirectionalLineConfig), (28 bytes).
    Removing stm32f10x_spi.o(i.SPI_CalculateCRC), (24 bytes).
    Removing stm32f10x_spi.o(i.SPI_DataSizeConfig), (18 bytes).
    Removing stm32f10x_spi.o(i.SPI_GetCRC), (16 bytes).
    Removing stm32f10x_spi.o(i.SPI_GetCRCPolynomial), (6 bytes).
    Removing stm32f10x_spi.o(i.SPI_I2S_DeInit), (88 bytes).
    Removing stm32f10x_spi.o(i.SPI_I2S_GetFlagStatus), (18 bytes).
    Removing stm32f10x_spi.o(i.SPI_I2S_SendData), (4 bytes).
    Removing stm32f10x_spi.o(i.SPI_NSSInternalSoftwareConfig), (30 bytes).
    Removing stm32f10x_spi.o(i.SPI_SSOutputCmd), (24 bytes).
    Removing stm32f10x_spi.o(i.SPI_StructInit), (24 bytes).
    Removing stm32f10x_spi.o(i.SPI_TransmitCRC), (10 bytes).
    Removing stm32f10x_tim.o(i.TI1_Config), (128 bytes).
    Removing stm32f10x_tim.o(i.TI2_Config), (152 bytes).
    Removing stm32f10x_tim.o(i.TI3_Config), (144 bytes).
    Removing stm32f10x_tim.o(i.TI4_Config), (152 bytes).
    Removing stm32f10x_tim.o(i.TIM_BDTRConfig), (32 bytes).
    Removing stm32f10x_tim.o(i.TIM_BDTRStructInit), (18 bytes).
    Removing stm32f10x_tim.o(i.TIM_CCPreloadControl), (24 bytes).
    Removing stm32f10x_tim.o(i.TIM_CCxCmd), (30 bytes).
    Removing stm32f10x_tim.o(i.TIM_CCxNCmd), (30 bytes).
    Removing stm32f10x_tim.o(i.TIM_ClearOC1Ref), (18 bytes).
    Removing stm32f10x_tim.o(i.TIM_ClearOC2Ref), (24 bytes).
    Removing stm32f10x_tim.o(i.TIM_ClearOC3Ref), (18 bytes).
    Removing stm32f10x_tim.o(i.TIM_ClearOC4Ref), (24 bytes).
    Removing stm32f10x_tim.o(i.TIM_CounterModeConfig), (18 bytes).
    Removing stm32f10x_tim.o(i.TIM_CtrlPWMOutputs), (30 bytes).
    Removing stm32f10x_tim.o(i.TIM_DMACmd), (18 bytes).
    Removing stm32f10x_tim.o(i.TIM_DMAConfig), (10 bytes).
    Removing stm32f10x_tim.o(i.TIM_DeInit), (488 bytes).
    Removing stm32f10x_tim.o(i.TIM_ETRClockMode1Config), (54 bytes).
    Removing stm32f10x_tim.o(i.TIM_ETRClockMode2Config), (32 bytes).
    Removing stm32f10x_tim.o(i.TIM_ETRConfig), (28 bytes).
    Removing stm32f10x_tim.o(i.TIM_EncoderInterfaceConfig), (66 bytes).
    Removing stm32f10x_tim.o(i.TIM_ForcedOC1Config), (18 bytes).
    Removing stm32f10x_tim.o(i.TIM_ForcedOC2Config), (26 bytes).
    Removing stm32f10x_tim.o(i.TIM_ForcedOC3Config), (18 bytes).
    Removing stm32f10x_tim.o(i.TIM_ForcedOC4Config), (26 bytes).
    Removing stm32f10x_tim.o(i.TIM_GenerateEvent), (4 bytes).
    Removing stm32f10x_tim.o(i.TIM_GetCapture1), (6 bytes).
    Removing stm32f10x_tim.o(i.TIM_GetCapture2), (6 bytes).
    Removing stm32f10x_tim.o(i.TIM_GetCapture3), (6 bytes).
    Removing stm32f10x_tim.o(i.TIM_GetCapture4), (8 bytes).
    Removing stm32f10x_tim.o(i.TIM_GetCounter), (6 bytes).
    Removing stm32f10x_tim.o(i.TIM_GetFlagStatus), (18 bytes).
    Removing stm32f10x_tim.o(i.TIM_GetPrescaler), (6 bytes).
    Removing stm32f10x_tim.o(i.TIM_ICInit), (172 bytes).
    Removing stm32f10x_tim.o(i.TIM_ICStructInit), (18 bytes).
    Removing stm32f10x_tim.o(i.TIM_ITRxExternalClockConfig), (24 bytes).
    Removing stm32f10x_tim.o(i.TIM_OC1FastConfig), (18 bytes).
    Removing stm32f10x_tim.o(i.TIM_OC1Init), (152 bytes).
    Removing stm32f10x_tim.o(i.TIM_OC1NPolarityConfig), (18 bytes).
    Removing stm32f10x_tim.o(i.TIM_OC1PolarityConfig), (18 bytes).
    Removing stm32f10x_tim.o(i.TIM_OC1PreloadConfig), (18 bytes).
    Removing stm32f10x_tim.o(i.TIM_OC2FastConfig), (26 bytes).
    Removing stm32f10x_tim.o(i.TIM_OC2Init), (164 bytes).
    Removing stm32f10x_tim.o(i.TIM_OC2NPolarityConfig), (26 bytes).
    Removing stm32f10x_tim.o(i.TIM_OC2PolarityConfig), (26 bytes).
    Removing stm32f10x_tim.o(i.TIM_OC2PreloadConfig), (26 bytes).
    Removing stm32f10x_tim.o(i.TIM_OC3FastConfig), (18 bytes).
    Removing stm32f10x_tim.o(i.TIM_OC3Init), (160 bytes).
    Removing stm32f10x_tim.o(i.TIM_OC3NPolarityConfig), (26 bytes).
    Removing stm32f10x_tim.o(i.TIM_OC3PolarityConfig), (26 bytes).
    Removing stm32f10x_tim.o(i.TIM_OC3PreloadConfig), (18 bytes).
    Removing stm32f10x_tim.o(i.TIM_OC4FastConfig), (26 bytes).
    Removing stm32f10x_tim.o(i.TIM_OC4Init), (124 bytes).
    Removing stm32f10x_tim.o(i.TIM_OC4PolarityConfig), (26 bytes).
    Removing stm32f10x_tim.o(i.TIM_OC4PreloadConfig), (26 bytes).
    Removing stm32f10x_tim.o(i.TIM_OCStructInit), (20 bytes).
    Removing stm32f10x_tim.o(i.TIM_PWMIConfig), (124 bytes).
    Removing stm32f10x_tim.o(i.TIM_PrescalerConfig), (6 bytes).
    Removing stm32f10x_tim.o(i.TIM_SelectCCDMA), (24 bytes).
    Removing stm32f10x_tim.o(i.TIM_SelectCOM), (24 bytes).
    Removing stm32f10x_tim.o(i.TIM_SelectHallSensor), (24 bytes).
    Removing stm32f10x_tim.o(i.TIM_SelectInputTrigger), (18 bytes).
    Removing stm32f10x_tim.o(i.TIM_SelectMasterSlaveMode), (18 bytes).
    Removing stm32f10x_tim.o(i.TIM_SelectOCxM), (82 bytes).
    Removing stm32f10x_tim.o(i.TIM_SelectOnePulseMode), (18 bytes).
    Removing stm32f10x_tim.o(i.TIM_SelectOutputTrigger), (18 bytes).
    Removing stm32f10x_tim.o(i.TIM_SelectSlaveMode), (18 bytes).
    Removing stm32f10x_tim.o(i.TIM_SetAutoreload), (4 bytes).
    Removing stm32f10x_tim.o(i.TIM_SetClockDivision), (18 bytes).
    Removing stm32f10x_tim.o(i.TIM_SetCompare1), (4 bytes).
    Removing stm32f10x_tim.o(i.TIM_SetCompare2), (4 bytes).
    Removing stm32f10x_tim.o(i.TIM_SetCompare3), (4 bytes).
    Removing stm32f10x_tim.o(i.TIM_SetCompare4), (6 bytes).
    Removing stm32f10x_tim.o(i.TIM_SetCounter), (4 bytes).
    Removing stm32f10x_tim.o(i.TIM_SetIC1Prescaler), (18 bytes).
    Removing stm32f10x_tim.o(i.TIM_SetIC2Prescaler), (26 bytes).
    Removing stm32f10x_tim.o(i.TIM_SetIC3Prescaler), (18 bytes).
    Removing stm32f10x_tim.o(i.TIM_SetIC4Prescaler), (26 bytes).
    Removing stm32f10x_tim.o(i.TIM_TIxExternalClockConfig), (62 bytes).
    Removing stm32f10x_tim.o(i.TIM_TimeBaseStructInit), (18 bytes).
    Removing stm32f10x_tim.o(i.TIM_UpdateDisableConfig), (24 bytes).
    Removing stm32f10x_tim.o(i.TIM_UpdateRequestConfig), (24 bytes).
    Removing stm32f10x_usart.o(i.USART_ClearFlag), (18 bytes).
    Removing stm32f10x_usart.o(i.USART_ClearITPendingBit), (30 bytes).
    Removing stm32f10x_usart.o(i.USART_ClockInit), (34 bytes).
    Removing stm32f10x_usart.o(i.USART_ClockStructInit), (12 bytes).
    Removing stm32f10x_usart.o(i.USART_Cmd), (24 bytes).
    Removing stm32f10x_usart.o(i.USART_DMACmd), (18 bytes).
    Removing stm32f10x_usart.o(i.USART_DeInit), (156 bytes).
    Removing stm32f10x_usart.o(i.USART_GetFlagStatus), (26 bytes).
    Removing stm32f10x_usart.o(i.USART_GetITStatus), (84 bytes).
    Removing stm32f10x_usart.o(i.USART_HalfDuplexCmd), (24 bytes).
    Removing stm32f10x_usart.o(i.USART_ITConfig), (74 bytes).
    Removing stm32f10x_usart.o(i.USART_Init), (216 bytes).
    Removing stm32f10x_usart.o(i.USART_IrDACmd), (24 bytes).
    Removing stm32f10x_usart.o(i.USART_IrDAConfig), (18 bytes).
    Removing stm32f10x_usart.o(i.USART_LINBreakDetectLengthConfig), (18 bytes).
    Removing stm32f10x_usart.o(i.USART_LINCmd), (24 bytes).
    Removing stm32f10x_usart.o(i.USART_OneBitMethodCmd), (24 bytes).
    Removing stm32f10x_usart.o(i.USART_OverSampling8Cmd), (22 bytes).
    Removing stm32f10x_usart.o(i.USART_ReceiveData), (10 bytes).
    Removing stm32f10x_usart.o(i.USART_ReceiverWakeUpCmd), (24 bytes).
    Removing stm32f10x_usart.o(i.USART_SendBreak), (10 bytes).
    Removing stm32f10x_usart.o(i.USART_SendData), (8 bytes).
    Removing stm32f10x_usart.o(i.USART_SetAddress), (18 bytes).
    Removing stm32f10x_usart.o(i.USART_SetGuardTime), (16 bytes).
    Removing stm32f10x_usart.o(i.USART_SetPrescaler), (16 bytes).
    Removing stm32f10x_usart.o(i.USART_SmartCardCmd), (24 bytes).
    Removing stm32f10x_usart.o(i.USART_SmartCardNACKCmd), (24 bytes).
    Removing stm32f10x_usart.o(i.USART_StructInit), (24 bytes).
    Removing stm32f10x_usart.o(i.USART_WakeUpConfig), (18 bytes).
    Removing stm32f10x_wwdg.o(i.WWDG_ClearFlag), (12 bytes).
    Removing stm32f10x_wwdg.o(i.WWDG_DeInit), (22 bytes).
    Removing stm32f10x_wwdg.o(i.WWDG_Enable), (16 bytes).
    Removing stm32f10x_wwdg.o(i.WWDG_EnableIT), (12 bytes).
    Removing stm32f10x_wwdg.o(i.WWDG_GetFlagStatus), (12 bytes).
    Removing stm32f10x_wwdg.o(i.WWDG_SetCounter), (16 bytes).
    Removing stm32f10x_wwdg.o(i.WWDG_SetPrescaler), (24 bytes).
    Removing stm32f10x_wwdg.o(i.WWDG_SetWindowValue), (28 bytes).
    Removing usart_configure.o(i.USART2_DMA_SendBytes), (108 bytes).
    Removing usart_configure.o(i.USART2_Init), (164 bytes).
    Removing usart_configure.o(i.fputc), (36 bytes).
    Removing usart_configure.o(.bss), (255 bytes).
    Removing candat_handle.o(i.Can_IDOrder), (18 bytes).
    Removing nidhogg_math.o(i.AverageDeviation), (70 bytes).
    Removing nidhogg_math.o(i.CopyArrary), (24 bytes).
    Removing nidhogg_math.o(i.MidAverageCount), (96 bytes).
    Removing nidhogg_math.o(i.TypeConversionAD1_num), (42 bytes).

423 unused section(s) (total 16971 bytes) removed from the image.

==============================================================================

Image Symbol Table

    Local Symbols

    Symbol Name                              Value     Ov Type        Size  Object(Section)

    ../clib/microlib/init/entry.s            0x00000000   Number         0  entry2.o ABSOLUTE
    ../clib/microlib/init/entry.s            0x00000000   Number         0  entry8.o ABSOLUTE
    ../clib/microlib/init/entry.s            0x00000000   Number         0  entry7b.o ABSOLUTE
    ../clib/microlib/init/entry.s            0x00000000   Number         0  entry.o ABSOLUTE
    ../clib/microlib/init/entry.s            0x00000000   Number         0  entry7a.o ABSOLUTE
    ../clib/microlib/init/entry.s            0x00000000   Number         0  entry5.o ABSOLUTE
    ..\..\Libraries\CMSIS\core_cm3.c         0x00000000   Number         0  core_cm3.o ABSOLUTE
    ..\..\Libraries\CMSIS\startup\startup_stm32f10x_md.s 0x00000000   Number         0  startup_stm32f10x_md.o ABSOLUTE
    ..\..\Libraries\CMSIS\system_stm32f10x.c 0x00000000   Number         0  system_stm32f10x.o ABSOLUTE
    ..\..\Libraries\FWlib\src\misc.c         0x00000000   Number         0  misc.o ABSOLUTE
    ..\..\Libraries\FWlib\src\stm32f10x_adc.c 0x00000000   Number         0  stm32f10x_adc.o ABSOLUTE
    ..\..\Libraries\FWlib\src\stm32f10x_bkp.c 0x00000000   Number         0  stm32f10x_bkp.o ABSOLUTE
    ..\..\Libraries\FWlib\src\stm32f10x_can.c 0x00000000   Number         0  stm32f10x_can.o ABSOLUTE
    ..\..\Libraries\FWlib\src\stm32f10x_cec.c 0x00000000   Number         0  stm32f10x_cec.o ABSOLUTE
    ..\..\Libraries\FWlib\src\stm32f10x_crc.c 0x00000000   Number         0  stm32f10x_crc.o ABSOLUTE
    ..\..\Libraries\FWlib\src\stm32f10x_dac.c 0x00000000   Number         0  stm32f10x_dac.o ABSOLUTE
    ..\..\Libraries\FWlib\src\stm32f10x_dbgmcu.c 0x00000000   Number         0  stm32f10x_dbgmcu.o ABSOLUTE
    ..\..\Libraries\FWlib\src\stm32f10x_dma.c 0x00000000   Number         0  stm32f10x_dma.o ABSOLUTE
    ..\..\Libraries\FWlib\src\stm32f10x_exti.c 0x00000000   Number         0  stm32f10x_exti.o ABSOLUTE
    ..\..\Libraries\FWlib\src\stm32f10x_flash.c 0x00000000   Number         0  stm32f10x_flash.o ABSOLUTE
    ..\..\Libraries\FWlib\src\stm32f10x_fsmc.c 0x00000000   Number         0  stm32f10x_fsmc.o ABSOLUTE
    ..\..\Libraries\FWlib\src\stm32f10x_gpio.c 0x00000000   Number         0  stm32f10x_gpio.o ABSOLUTE
    ..\..\Libraries\FWlib\src\stm32f10x_i2c.c 0x00000000   Number         0  stm32f10x_i2c.o ABSOLUTE
    ..\..\Libraries\FWlib\src\stm32f10x_iwdg.c 0x00000000   Number         0  stm32f10x_iwdg.o ABSOLUTE
    ..\..\Libraries\FWlib\src\stm32f10x_pwr.c 0x00000000   Number         0  stm32f10x_pwr.o ABSOLUTE
    ..\..\Libraries\FWlib\src\stm32f10x_rcc.c 0x00000000   Number         0  stm32f10x_rcc.o ABSOLUTE
    ..\..\Libraries\FWlib\src\stm32f10x_rtc.c 0x00000000   Number         0  stm32f10x_rtc.o ABSOLUTE
    ..\..\Libraries\FWlib\src\stm32f10x_sdio.c 0x00000000   Number         0  stm32f10x_sdio.o ABSOLUTE
    ..\..\Libraries\FWlib\src\stm32f10x_spi.c 0x00000000   Number         0  stm32f10x_spi.o ABSOLUTE
    ..\..\Libraries\FWlib\src\stm32f10x_tim.c 0x00000000   Number         0  stm32f10x_tim.o ABSOLUTE
    ..\..\Libraries\FWlib\src\stm32f10x_usart.c 0x00000000   Number         0  stm32f10x_usart.o ABSOLUTE
    ..\..\Libraries\FWlib\src\stm32f10x_wwdg.c 0x00000000   Number         0  stm32f10x_wwdg.o ABSOLUTE
    ..\..\User\DP\CANDAT_Handle.c            0x00000000   Number         0  candat_handle.o ABSOLUTE
    ..\..\User\DP\MTDAT_Demux.c              0x00000000   Number         0  mtdat_demux.o ABSOLUTE
    ..\..\User\DP\Nidhogg_Math.c             0x00000000   Number         0  nidhogg_math.o ABSOLUTE
    ..\..\User\DP\STDAT_Demux.c              0x00000000   Number         0  stdat_demux.o ABSOLUTE
    ..\..\User\HardwareDriver\CAN_Configure.c 0x00000000   Number         0  can_configure.o ABSOLUTE
    ..\..\User\HardwareDriver\GPIO_Configure.c 0x00000000   Number         0  gpio_configure.o ABSOLUTE
    ..\..\User\HardwareDriver\MT_Configure.c 0x00000000   Number         0  mt_configure.o ABSOLUTE
    ..\..\User\HardwareDriver\NVIC_Configure.c 0x00000000   Number         0  nvic_configure.o ABSOLUTE
    ..\..\User\HardwareDriver\RCC_Configure.c 0x00000000   Number         0  rcc_configure.o ABSOLUTE
    ..\..\User\HardwareDriver\SPI_Configure.c 0x00000000   Number         0  spi_configure.o ABSOLUTE
    ..\..\User\HardwareDriver\TIM_Configure.c 0x00000000   Number         0  tim_configure.o ABSOLUTE
    ..\..\User\HardwareDriver\USART_Configure.c 0x00000000   Number         0  usart_configure.o ABSOLUTE
    ..\..\User\HardwareDriver\WDG_Configure.c 0x00000000   Number         0  wdg_configure.o ABSOLUTE
    ..\..\User\main.c                        0x00000000   Number         0  main.o ABSOLUTE
    ..\..\User\stm32f10x_it.c                0x00000000   Number         0  stm32f10x_it.o ABSOLUTE
    ..\\..\\Libraries\\CMSIS\\core_cm3.c     0x00000000   Number         0  core_cm3.o ABSOLUTE
    dc.s                                     0x00000000   Number         0  dc.o ABSOLUTE
    handlers.s                               0x00000000   Number         0  handlers.o ABSOLUTE
    init.s                                   0x00000000   Number         0  init.o ABSOLUTE
    RESET                                    0x08000000   Section      236  startup_stm32f10x_md.o(RESET)
    .ARM.Collect$$$$00000000                 0x080000ec   Section        0  entry.o(.ARM.Collect$$$$00000000)
    .ARM.Collect$$$$00000001                 0x080000ec   Section        4  entry2.o(.ARM.Collect$$$$00000001)
    .ARM.Collect$$$$00000004                 0x080000f0   Section        4  entry5.o(.ARM.Collect$$$$00000004)
    .ARM.Collect$$$$00000008                 0x080000f4   Section        0  entry7b.o(.ARM.Collect$$$$00000008)
    .ARM.Collect$$$$00000009                 0x080000f4   Section        8  entry8.o(.ARM.Collect$$$$00000009)
    .ARM.Collect$$$$00002712                 0x080000fc   Section        4  entry2.o(.ARM.Collect$$$$00002712)
    __lit__00000000                          0x080000fc   Data           4  entry2.o(.ARM.Collect$$$$00002712)
    .text                                    0x08000100   Section       36  startup_stm32f10x_md.o(.text)
    .text                                    0x08000124   Section       36  init.o(.text)
    i.BusFault_Handler                       0x08000148   Section        0  stm32f10x_it.o(i.BusFault_Handler)
    i.CAN1_TxExtData                         0x0800014c   Section        0  can_configure.o(i.CAN1_TxExtData)
    i.CAN_ClearITPendingBit                  0x080001c4   Section        0  stm32f10x_can.o(i.CAN_ClearITPendingBit)
    i.CAN_DeInit                             0x0800026c   Section        0  stm32f10x_can.o(i.CAN_DeInit)
    i.CAN_FilterInit                         0x080002a4   Section        0  stm32f10x_can.o(i.CAN_FilterInit)
    i.CAN_GetITStatus                        0x080003ac   Section        0  stm32f10x_can.o(i.CAN_GetITStatus)
    i.CAN_ITConfig                           0x080004cc   Section        0  stm32f10x_can.o(i.CAN_ITConfig)
    i.CAN_Init                               0x080004de   Section        0  stm32f10x_can.o(i.CAN_Init)
    i.CAN_Polling                            0x080005f4   Section        0  can_configure.o(i.CAN_Polling)
    i.CAN_RAND                               0x080006ac   Section        0  candat_handle.o(i.CAN_RAND)
    i.CAN_RX_NVIC_Config                     0x080006c0   Section        0  can_configure.o(i.CAN_RX_NVIC_Config)
    i.CAN_Receive                            0x08000700   Section        0  stm32f10x_can.o(i.CAN_Receive)
    i.CAN_Transmit                           0x080007f0   Section        0  stm32f10x_can.o(i.CAN_Transmit)
    i.CanCommandBack                         0x08000918   Section        0  candat_handle.o(i.CanCommandBack)
    i.CanCommandGet                          0x08000a44   Section        0  candat_handle.o(i.CanCommandGet)
    i.CanData_12BitBuf                       0x08000b6c   Section        0  candat_handle.o(i.CanData_12BitBuf)
    i.CanData_13BitBuf                       0x08000b94   Section        0  candat_handle.o(i.CanData_13BitBuf)
    i.CheckITStatus                          0x08000bf4   Section        0  stm32f10x_can.o(i.CheckITStatus)
    CheckITStatus                            0x08000bf5   Thumb Code    16  stm32f10x_can.o(i.CheckITStatus)
    i.DMA_Cmd                                0x08000c04   Section        0  stm32f10x_dma.o(i.DMA_Cmd)
    i.DMA_Init                               0x08000c1c   Section        0  stm32f10x_dma.o(i.DMA_Init)
    i.DebugMon_Handler                       0x08000c58   Section        0  stm32f10x_it.o(i.DebugMon_Handler)
    i.Delay_MT                               0x08000c5a   Section        0  mt_configure.o(i.Delay_MT)
    i.EXTI9_5_IRQHandler                     0x08000c76   Section        0  gpio_configure.o(i.EXTI9_5_IRQHandler)
    i.EXTI_ClearITPendingBit                 0x08000c8c   Section        0  stm32f10x_exti.o(i.EXTI_ClearITPendingBit)
    i.EXTI_GetITStatus                       0x08000c98   Section        0  stm32f10x_exti.o(i.EXTI_GetITStatus)
    i.EXTI_Init                              0x08000cc0   Section        0  stm32f10x_exti.o(i.EXTI_Init)
    i.EquipmentDataTx                        0x08000d54   Section        0  can_configure.o(i.EquipmentDataTx)
    i.FLASH_PrefetchBufferCmd                0x08000db4   Section        0  stm32f10x_flash.o(i.FLASH_PrefetchBufferCmd)
    i.FLASH_SetLatency                       0x08000dd0   Section        0  stm32f10x_flash.o(i.FLASH_SetLatency)
    i.Feed_IWDG                              0x08000de8   Section        0  wdg_configure.o(i.Feed_IWDG)
    i.GPIO_Config                            0x08000df0   Section        0  gpio_configure.o(i.GPIO_Config)
    i.GPIO_EXTILineConfig                    0x08000f84   Section        0  stm32f10x_gpio.o(i.GPIO_EXTILineConfig)
    i.GPIO_Init                              0x08000fc4   Section        0  stm32f10x_gpio.o(i.GPIO_Init)
    i.GPIO_NVIC_Config                       0x080010d6   Section        0  gpio_configure.o(i.GPIO_NVIC_Config)
    i.GPIO_ReadInputDataBit                  0x08001124   Section        0  stm32f10x_gpio.o(i.GPIO_ReadInputDataBit)
    i.GPIO_ReadOutputDataBit                 0x08001136   Section        0  stm32f10x_gpio.o(i.GPIO_ReadOutputDataBit)
    i.GPIO_ResetBits                         0x08001148   Section        0  stm32f10x_gpio.o(i.GPIO_ResetBits)
    i.GPIO_SetBits                           0x0800114c   Section        0  stm32f10x_gpio.o(i.GPIO_SetBits)
    i.GPIO_StructInit                        0x08001150   Section        0  stm32f10x_gpio.o(i.GPIO_StructInit)
    i.HardFault_Handler                      0x08001160   Section        0  stm32f10x_it.o(i.HardFault_Handler)
    i.IWDG_Config                            0x08001164   Section        0  wdg_configure.o(i.IWDG_Config)
    i.IWDG_Enable                            0x08001184   Section        0  stm32f10x_iwdg.o(i.IWDG_Enable)
    i.IWDG_ReloadCounter                     0x08001194   Section        0  stm32f10x_iwdg.o(i.IWDG_ReloadCounter)
    i.IWDG_SetPrescaler                      0x080011a4   Section        0  stm32f10x_iwdg.o(i.IWDG_SetPrescaler)
    i.IWDG_SetReload                         0x080011b0   Section        0  stm32f10x_iwdg.o(i.IWDG_SetReload)
    i.IWDG_WriteAccessCmd                    0x080011bc   Section        0  stm32f10x_iwdg.o(i.IWDG_WriteAccessCmd)
    i.MTDAT_Ctrl                             0x080011c8   Section        0  mt_configure.o(i.MTDAT_Ctrl)
    i.MTMUX_Ctrl                             0x08001204   Section        0  mt_configure.o(i.MTMUX_Ctrl)
    i.MT_AdjustmentTurn                      0x08001344   Section        0  mtdat_demux.o(i.MT_AdjustmentTurn)
    i.MT_Check                               0x08001794   Section        0  mt_configure.o(i.MT_Check)
    i.MT_Logic                               0x08001888   Section        0  mtdat_demux.o(i.MT_Logic)
    i.MT_LogicTransform12Bit                 0x080018d4   Section        0  mtdat_demux.o(i.MT_LogicTransform12Bit)
    i.MT_LogicTransform13Bit                 0x08001980   Section        0  mtdat_demux.o(i.MT_LogicTransform13Bit)
    i.MT_Scan                                0x08001a2c   Section        0  mt_configure.o(i.MT_Scan)
    i.MT_TimerScan                           0x08001a44   Section        0  mt_configure.o(i.MT_TimerScan)
    i.MT_Turn_Count                          0x08001aac   Section        0  mt_configure.o(i.MT_Turn_Count)
    i.MemManage_Handler                      0x08001b04   Section        0  stm32f10x_it.o(i.MemManage_Handler)
    i.MidAverageValue                        0x08001b08   Section        0  nidhogg_math.o(i.MidAverageValue)
    i.NMI_Handler                            0x08001b50   Section        0  stm32f10x_it.o(i.NMI_Handler)
    i.NVIC_Config                            0x08001b52   Section        0  nvic_configure.o(i.NVIC_Config)
    i.NVIC_Init                              0x08001b68   Section        0  misc.o(i.NVIC_Init)
    i.NVIC_PriorityGroupConfig               0x08001bdc   Section        0  misc.o(i.NVIC_PriorityGroupConfig)
    i.NVIC_SetVectorTable                    0x08001bf0   Section        0  misc.o(i.NVIC_SetVectorTable)
    i.PendSV_Handler                         0x08001c04   Section        0  stm32f10x_it.o(i.PendSV_Handler)
    i.RCC_ADCCLKConfig                       0x08001c08   Section        0  stm32f10x_rcc.o(i.RCC_ADCCLKConfig)
    i.RCC_AHBPeriphClockCmd                  0x08001c20   Section        0  stm32f10x_rcc.o(i.RCC_AHBPeriphClockCmd)
    i.RCC_APB1PeriphClockCmd                 0x08001c40   Section        0  stm32f10x_rcc.o(i.RCC_APB1PeriphClockCmd)
    i.RCC_APB1PeriphResetCmd                 0x08001c60   Section        0  stm32f10x_rcc.o(i.RCC_APB1PeriphResetCmd)
    i.RCC_APB2PeriphClockCmd                 0x08001c80   Section        0  stm32f10x_rcc.o(i.RCC_APB2PeriphClockCmd)
    i.RCC_Config                             0x08001ca0   Section        0  rcc_configure.o(i.RCC_Config)
    i.RCC_DeInit                             0x08001d10   Section        0  stm32f10x_rcc.o(i.RCC_DeInit)
    i.RCC_GetFlagStatus                      0x08001d5c   Section        0  stm32f10x_rcc.o(i.RCC_GetFlagStatus)
    i.RCC_GetSYSCLKSource                    0x08001d98   Section        0  stm32f10x_rcc.o(i.RCC_GetSYSCLKSource)
    i.RCC_HCLKConfig                         0x08001da8   Section        0  stm32f10x_rcc.o(i.RCC_HCLKConfig)
    i.RCC_HSEConfig                          0x08001dc0   Section        0  stm32f10x_rcc.o(i.RCC_HSEConfig)
    i.RCC_PCLK1Config                        0x08001e0c   Section        0  stm32f10x_rcc.o(i.RCC_PCLK1Config)
    i.RCC_PCLK2Config                        0x08001e24   Section        0  stm32f10x_rcc.o(i.RCC_PCLK2Config)
    i.RCC_PLLCmd                             0x08001e3c   Section        0  stm32f10x_rcc.o(i.RCC_PLLCmd)
    i.RCC_PLLConfig                          0x08001e48   Section        0  stm32f10x_rcc.o(i.RCC_PLLConfig)
    i.RCC_SYSCLKConfig                       0x08001e64   Section        0  stm32f10x_rcc.o(i.RCC_SYSCLKConfig)
    i.RCC_WaitForHSEStartUp                  0x08001e7c   Section        0  stm32f10x_rcc.o(i.RCC_WaitForHSEStartUp)
    i.SPI1_Config                            0x08001eac   Section        0  spi_configure.o(i.SPI1_Config)
    i.SPI1_DMA_TxData                        0x08001f88   Section        0  spi_configure.o(i.SPI1_DMA_TxData)
    i.SPI1_IRQHandler                        0x08001fec   Section        0  spi_configure.o(i.SPI1_IRQHandler)
    i.SPIDelay_ms                            0x08002014   Section        0  spi_configure.o(i.SPIDelay_ms)
    i.SPI_Cmd                                0x0800202e   Section        0  stm32f10x_spi.o(i.SPI_Cmd)
    i.SPI_I2S_ClearFlag                      0x08002046   Section        0  stm32f10x_spi.o(i.SPI_I2S_ClearFlag)
    i.SPI_I2S_ClearITPendingBit              0x0800204c   Section        0  stm32f10x_spi.o(i.SPI_I2S_ClearITPendingBit)
    i.SPI_I2S_DMACmd                         0x08002060   Section        0  stm32f10x_spi.o(i.SPI_I2S_DMACmd)
    i.SPI_I2S_GetITStatus                    0x08002072   Section        0  stm32f10x_spi.o(i.SPI_I2S_GetITStatus)
    i.SPI_I2S_ITConfig                       0x080020a6   Section        0  stm32f10x_spi.o(i.SPI_I2S_ITConfig)
    i.SPI_I2S_ReceiveData                    0x080020c6   Section        0  stm32f10x_spi.o(i.SPI_I2S_ReceiveData)
    i.SPI_Init                               0x080020cc   Section        0  stm32f10x_spi.o(i.SPI_Init)
    i.ST_GetData                             0x08002108   Section        0  stdat_demux.o(i.ST_GetData)
    i.ST_ReceiveData                         0x080021e8   Section        0  stdat_demux.o(i.ST_ReceiveData)
    i.SVC_Handler                            0x08002238   Section        0  stm32f10x_it.o(i.SVC_Handler)
    i.SetSysClock                            0x0800223a   Section        0  system_stm32f10x.o(i.SetSysClock)
    SetSysClock                              0x0800223b   Thumb Code     8  system_stm32f10x.o(i.SetSysClock)
    i.SetSysClockTo72                        0x08002244   Section        0  system_stm32f10x.o(i.SetSysClockTo72)
    SetSysClockTo72                          0x08002245   Thumb Code   192  system_stm32f10x.o(i.SetSysClockTo72)
    i.SysTick_Handler                        0x0800230c   Section        0  stm32f10x_it.o(i.SysTick_Handler)
    i.SystemInit                             0x08002310   Section        0  system_stm32f10x.o(i.SystemInit)
    i.TIM2_Config                            0x08002370   Section        0  tim_configure.o(i.TIM2_Config)
    i.TIM2_IRQHandler                        0x080023ec   Section        0  tim_configure.o(i.TIM2_IRQHandler)
    i.TIM3_Config                            0x08002454   Section        0  tim_configure.o(i.TIM3_Config)
    i.TIM3_IRQHandler                        0x080024cc   Section        0  tim_configure.o(i.TIM3_IRQHandler)
    i.TIM4_Config                            0x080024ec   Section        0  tim_configure.o(i.TIM4_Config)
    i.TIM4_IRQHandler                        0x08002564   Section        0  tim_configure.o(i.TIM4_IRQHandler)
    i.TIM_ARRPreloadConfig                   0x08002584   Section        0  stm32f10x_tim.o(i.TIM_ARRPreloadConfig)
    i.TIM_ClearFlag                          0x0800259c   Section        0  stm32f10x_tim.o(i.TIM_ClearFlag)
    i.TIM_ClearITPendingBit                  0x080025a2   Section        0  stm32f10x_tim.o(i.TIM_ClearITPendingBit)
    i.TIM_Cmd                                0x080025a8   Section        0  stm32f10x_tim.o(i.TIM_Cmd)
    i.TIM_GetITStatus                        0x080025c0   Section        0  stm32f10x_tim.o(i.TIM_GetITStatus)
    i.TIM_ITConfig                           0x080025e2   Section        0  stm32f10x_tim.o(i.TIM_ITConfig)
    i.TIM_InternalClockConfig                0x080025f4   Section        0  stm32f10x_tim.o(i.TIM_InternalClockConfig)
    i.TIM_TimeBaseInit                       0x08002600   Section        0  stm32f10x_tim.o(i.TIM_TimeBaseInit)
    i.TimOutCheck                            0x080026a4   Section        0  stdat_demux.o(i.TimOutCheck)
    i.TurnCheck_Interput                     0x080026d8   Section        0  stdat_demux.o(i.TurnCheck_Interput)
    i.USB_HP_CAN1_TX_IRQHandler              0x080026ec   Section        0  can_configure.o(i.USB_HP_CAN1_TX_IRQHandler)
    i.USB_LP_CAN1_RX0_IRQHandler             0x08002708   Section        0  can_configure.o(i.USB_LP_CAN1_RX0_IRQHandler)
    i.UsageFault_Handler                     0x08002798   Section        0  stm32f10x_it.o(i.UsageFault_Handler)
    i.__scatterload_copy                     0x0800279c   Section       14  handlers.o(i.__scatterload_copy)
    i.__scatterload_null                     0x080027aa   Section        2  handlers.o(i.__scatterload_null)
    i.__scatterload_zeroinit                 0x080027ac   Section       14  handlers.o(i.__scatterload_zeroinit)
    i.main                                   0x080027bc   Section        0  main.o(i.main)
    .data                                    0x20000000   Section       10  spi_configure.o(.data)
    MLX90316BUF                              0x20000000   Data          10  spi_configure.o(.data)
    .data                                    0x2000000a   Section       18  mt_configure.o(.data)
    TempCHx                                  0x2000000a   Data           1  mt_configure.o(.data)
    HisCHx                                   0x2000000b   Data           1  mt_configure.o(.data)
    StartUp                                  0x2000000c   Data           1  mt_configure.o(.data)
    HisMTDATA                                0x2000000e   Data           2  mt_configure.o(.data)
    MTBufNum                                 0x20000010   Data           2  mt_configure.o(.data)
    MTErrorBufNum                            0x20000012   Data           2  mt_configure.o(.data)
    MT_ErrorFlag                             0x20000014   Data           1  mt_configure.o(.data)
    MT_ErrorFlagNum                          0x20000015   Data           1  mt_configure.o(.data)
    .data                                    0x2000001c   Section       23  mtdat_demux.o(.data)
    TempAHalfF                               0x20000030   Data           1  mtdat_demux.o(.data)
    TempBHalfF                               0x20000031   Data           1  mtdat_demux.o(.data)
    .data                                    0x20000034   Section        7  candat_handle.o(.data)
    TTnum                                    0x20000034   Data           1  candat_handle.o(.data)
    RAND_NUM                                 0x20000035   Data           1  candat_handle.o(.data)
    .data                                    0x2000003b   Section       10  stdat_demux.o(.data)
    STDataStandard                           0x2000003b   Data          10  stdat_demux.o(.data)
    .bss                                     0x20000048   Section     2104  mt_configure.o(.bss)
    .bss                                     0x20000880   Section      112  candat_handle.o(.bss)
    .bss                                     0x200008f0   Section       48  stdat_demux.o(.bss)
    STACK                                    0x20000920   Section     1024  startup_stm32f10x_md.o(STACK)

    Global Symbols

    Symbol Name                              Value     Ov Type        Size  Object(Section)

    BuildAttributes$$THM_ISAv4$P$D$K$B$S$PE$A:L22UL41UL21$X:L11$S22US41US21$IEEE1$IW$USESV6$~STKCKD$USESV7$~SHL$OSPACE$EBA8$MICROLIB$REQ8$PRES8$EABIv2 0x00000000   Number         0  anon$$obj.o ABSOLUTE
    __ARM_use_no_argv                        0x00000000   Number         0  main.o ABSOLUTE
    __decompress                              - Undefined Weak Reference
    _clock_init                               - Undefined Weak Reference
    __Vectors_Size                           0x000000ec   Number         0  startup_stm32f10x_md.o ABSOLUTE
    __Vectors                                0x08000000   Data           4  startup_stm32f10x_md.o(RESET)
    __Vectors_End                            0x080000ec   Data           0  startup_stm32f10x_md.o(RESET)
    __main                                   0x080000ed   Thumb Code     0  entry.o(.ARM.Collect$$$$00000000)
    _main_stk                                0x080000ed   Thumb Code     0  entry2.o(.ARM.Collect$$$$00000001)
    _main_scatterload                        0x080000f1   Thumb Code     0  entry5.o(.ARM.Collect$$$$00000004)
    __main_after_scatterload                 0x080000f5   Thumb Code     0  entry5.o(.ARM.Collect$$$$00000004)
    _main_clock                              0x080000f5   Thumb Code     0  entry7b.o(.ARM.Collect$$$$00000008)
    _main_init                               0x080000f5   Thumb Code     0  entry8.o(.ARM.Collect$$$$00000009)
    Reset_Handler                            0x08000101   Thumb Code     8  startup_stm32f10x_md.o(.text)
    ADC1_2_IRQHandler                        0x0800011b   Thumb Code     0  startup_stm32f10x_md.o(.text)
    CAN1_RX1_IRQHandler                      0x0800011b   Thumb Code     0  startup_stm32f10x_md.o(.text)
    CAN1_SCE_IRQHandler                      0x0800011b   Thumb Code     0  startup_stm32f10x_md.o(.text)
    DMA1_Channel1_IRQHandler                 0x0800011b   Thumb Code     0  startup_stm32f10x_md.o(.text)
    DMA1_Channel2_IRQHandler                 0x0800011b   Thumb Code     0  startup_stm32f10x_md.o(.text)
    DMA1_Channel3_IRQHandler                 0x0800011b   Thumb Code     0  startup_stm32f10x_md.o(.text)
    DMA1_Channel4_IRQHandler                 0x0800011b   Thumb Code     0  startup_stm32f10x_md.o(.text)
    DMA1_Channel5_IRQHandler                 0x0800011b   Thumb Code     0  startup_stm32f10x_md.o(.text)
    DMA1_Channel6_IRQHandler                 0x0800011b   Thumb Code     0  startup_stm32f10x_md.o(.text)
    DMA1_Channel7_IRQHandler                 0x0800011b   Thumb Code     0  startup_stm32f10x_md.o(.text)
    EXTI0_IRQHandler                         0x0800011b   Thumb Code     0  startup_stm32f10x_md.o(.text)
    EXTI15_10_IRQHandler                     0x0800011b   Thumb Code     0  startup_stm32f10x_md.o(.text)
    EXTI1_IRQHandler                         0x0800011b   Thumb Code     0  startup_stm32f10x_md.o(.text)
    EXTI2_IRQHandler                         0x0800011b   Thumb Code     0  startup_stm32f10x_md.o(.text)
    EXTI3_IRQHandler                         0x0800011b   Thumb Code     0  startup_stm32f10x_md.o(.text)
    EXTI4_IRQHandler                         0x0800011b   Thumb Code     0  startup_stm32f10x_md.o(.text)
    FLASH_IRQHandler                         0x0800011b   Thumb Code     0  startup_stm32f10x_md.o(.text)
    I2C1_ER_IRQHandler                       0x0800011b   Thumb Code     0  startup_stm32f10x_md.o(.text)
    I2C1_EV_IRQHandler                       0x0800011b   Thumb Code     0  startup_stm32f10x_md.o(.text)
    I2C2_ER_IRQHandler                       0x0800011b   Thumb Code     0  startup_stm32f10x_md.o(.text)
    I2C2_EV_IRQHandler                       0x0800011b   Thumb Code     0  startup_stm32f10x_md.o(.text)
    PVD_IRQHandler                           0x0800011b   Thumb Code     0  startup_stm32f10x_md.o(.text)
    RCC_IRQHandler                           0x0800011b   Thumb Code     0  startup_stm32f10x_md.o(.text)
    RTCAlarm_IRQHandler                      0x0800011b   Thumb Code     0  startup_stm32f10x_md.o(.text)
    RTC_IRQHandler                           0x0800011b   Thumb Code     0  startup_stm32f10x_md.o(.text)
    SPI2_IRQHandler                          0x0800011b   Thumb Code     0  startup_stm32f10x_md.o(.text)
    TAMPER_IRQHandler                        0x0800011b   Thumb Code     0  startup_stm32f10x_md.o(.text)
    TIM1_BRK_IRQHandler                      0x0800011b   Thumb Code     0  startup_stm32f10x_md.o(.text)
    TIM1_CC_IRQHandler                       0x0800011b   Thumb Code     0  startup_stm32f10x_md.o(.text)
    TIM1_TRG_COM_IRQHandler                  0x0800011b   Thumb Code     0  startup_stm32f10x_md.o(.text)
    TIM1_UP_IRQHandler                       0x0800011b   Thumb Code     0  startup_stm32f10x_md.o(.text)
    USART1_IRQHandler                        0x0800011b   Thumb Code     0  startup_stm32f10x_md.o(.text)
    USART2_IRQHandler                        0x0800011b   Thumb Code     0  startup_stm32f10x_md.o(.text)
    USART3_IRQHandler                        0x0800011b   Thumb Code     0  startup_stm32f10x_md.o(.text)
    USBWakeUp_IRQHandler                     0x0800011b   Thumb Code     0  startup_stm32f10x_md.o(.text)
    WWDG_IRQHandler                          0x0800011b   Thumb Code     0  startup_stm32f10x_md.o(.text)
    __scatterload                            0x08000125   Thumb Code    28  init.o(.text)
    __scatterload_rt2                        0x08000125   Thumb Code     0  init.o(.text)
    BusFault_Handler                         0x08000149   Thumb Code     4  stm32f10x_it.o(i.BusFault_Handler)
    CAN1_TxExtData                           0x0800014d   Thumb Code   108  can_configure.o(i.CAN1_TxExtData)
    CAN_ClearITPendingBit                    0x080001c5   Thumb Code   162  stm32f10x_can.o(i.CAN_ClearITPendingBit)
    CAN_DeInit                               0x0800026d   Thumb Code    50  stm32f10x_can.o(i.CAN_DeInit)
    CAN_FilterInit                           0x080002a5   Thumb Code   258  stm32f10x_can.o(i.CAN_FilterInit)
    CAN_GetITStatus                          0x080003ad   Thumb Code   282  stm32f10x_can.o(i.CAN_GetITStatus)
    CAN_ITConfig                             0x080004cd   Thumb Code    18  stm32f10x_can.o(i.CAN_ITConfig)
    CAN_Init                                 0x080004df   Thumb Code   276  stm32f10x_can.o(i.CAN_Init)
    CAN_Polling                              0x080005f5   Thumb Code   178  can_configure.o(i.CAN_Polling)
    CAN_RAND                                 0x080006ad   Thumb Code    16  candat_handle.o(i.CAN_RAND)
    CAN_RX_NVIC_Config                       0x080006c1   Thumb Code    64  can_configure.o(i.CAN_RX_NVIC_Config)
    CAN_Receive                              0x08000701   Thumb Code   240  stm32f10x_can.o(i.CAN_Receive)
    CAN_Transmit                             0x080007f1   Thumb Code   294  stm32f10x_can.o(i.CAN_Transmit)
    CanCommandBack                           0x08000919   Thumb Code   280  candat_handle.o(i.CanCommandBack)
    CanCommandGet                            0x08000a45   Thumb Code   288  candat_handle.o(i.CanCommandGet)
    CanData_12BitBuf                         0x08000b6d   Thumb Code    36  candat_handle.o(i.CanData_12BitBuf)
    CanData_13BitBuf                         0x08000b95   Thumb Code    88  candat_handle.o(i.CanData_13BitBuf)
    DMA_Cmd                                  0x08000c05   Thumb Code    24  stm32f10x_dma.o(i.DMA_Cmd)
    DMA_Init                                 0x08000c1d   Thumb Code    60  stm32f10x_dma.o(i.DMA_Init)
    DebugMon_Handler                         0x08000c59   Thumb Code     2  stm32f10x_it.o(i.DebugMon_Handler)
    Delay_MT                                 0x08000c5b   Thumb Code    28  mt_configure.o(i.Delay_MT)
    EXTI9_5_IRQHandler                       0x08000c77   Thumb Code    22  gpio_configure.o(i.EXTI9_5_IRQHandler)
    EXTI_ClearITPendingBit                   0x08000c8d   Thumb Code     6  stm32f10x_exti.o(i.EXTI_ClearITPendingBit)
    EXTI_GetITStatus                         0x08000c99   Thumb Code    34  stm32f10x_exti.o(i.EXTI_GetITStatus)
    EXTI_Init                                0x08000cc1   Thumb Code   142  stm32f10x_exti.o(i.EXTI_Init)
    EquipmentDataTx                          0x08000d55   Thumb Code    84  can_configure.o(i.EquipmentDataTx)
    FLASH_PrefetchBufferCmd                  0x08000db5   Thumb Code    22  stm32f10x_flash.o(i.FLASH_PrefetchBufferCmd)
    FLASH_SetLatency                         0x08000dd1   Thumb Code    18  stm32f10x_flash.o(i.FLASH_SetLatency)
    Feed_IWDG                                0x08000de9   Thumb Code     8  wdg_configure.o(i.Feed_IWDG)
    GPIO_Config                              0x08000df1   Thumb Code   396  gpio_configure.o(i.GPIO_Config)
    GPIO_EXTILineConfig                      0x08000f85   Thumb Code    60  stm32f10x_gpio.o(i.GPIO_EXTILineConfig)
    GPIO_Init                                0x08000fc5   Thumb Code   274  stm32f10x_gpio.o(i.GPIO_Init)
    GPIO_NVIC_Config                         0x080010d7   Thumb Code    78  gpio_configure.o(i.GPIO_NVIC_Config)
    GPIO_ReadInputDataBit                    0x08001125   Thumb Code    18  stm32f10x_gpio.o(i.GPIO_ReadInputDataBit)
    GPIO_ReadOutputDataBit                   0x08001137   Thumb Code    18  stm32f10x_gpio.o(i.GPIO_ReadOutputDataBit)
    GPIO_ResetBits                           0x08001149   Thumb Code     4  stm32f10x_gpio.o(i.GPIO_ResetBits)
    GPIO_SetBits                             0x0800114d   Thumb Code     4  stm32f10x_gpio.o(i.GPIO_SetBits)
    GPIO_StructInit                          0x08001151   Thumb Code    16  stm32f10x_gpio.o(i.GPIO_StructInit)
    HardFault_Handler                        0x08001161   Thumb Code     4  stm32f10x_it.o(i.HardFault_Handler)
    IWDG_Config                              0x08001165   Thumb Code    32  wdg_configure.o(i.IWDG_Config)
    IWDG_Enable                              0x08001185   Thumb Code    10  stm32f10x_iwdg.o(i.IWDG_Enable)
    IWDG_ReloadCounter                       0x08001195   Thumb Code    10  stm32f10x_iwdg.o(i.IWDG_ReloadCounter)
    IWDG_SetPrescaler                        0x080011a5   Thumb Code     6  stm32f10x_iwdg.o(i.IWDG_SetPrescaler)
    IWDG_SetReload                           0x080011b1   Thumb Code     6  stm32f10x_iwdg.o(i.IWDG_SetReload)
    IWDG_WriteAccessCmd                      0x080011bd   Thumb Code     6  stm32f10x_iwdg.o(i.IWDG_WriteAccessCmd)
    MTDAT_Ctrl                               0x080011c9   Thumb Code    56  mt_configure.o(i.MTDAT_Ctrl)
    MTMUX_Ctrl                               0x08001205   Thumb Code   314  mt_configure.o(i.MTMUX_Ctrl)
    MT_AdjustmentTurn                        0x08001345   Thumb Code  1102  mtdat_demux.o(i.MT_AdjustmentTurn)
    MT_Check                                 0x08001795   Thumb Code   212  mt_configure.o(i.MT_Check)
    MT_Logic                                 0x08001889   Thumb Code    66  mtdat_demux.o(i.MT_Logic)
    MT_LogicTransform12Bit                   0x080018d5   Thumb Code   172  mtdat_demux.o(i.MT_LogicTransform12Bit)
    MT_LogicTransform13Bit                   0x08001981   Thumb Code   170  mtdat_demux.o(i.MT_LogicTransform13Bit)
    MT_Scan                                  0x08001a2d   Thumb Code    18  mt_configure.o(i.MT_Scan)
    MT_TimerScan                             0x08001a45   Thumb Code    90  mt_configure.o(i.MT_TimerScan)
    MT_Turn_Count                            0x08001aad   Thumb Code    82  mt_configure.o(i.MT_Turn_Count)
    MemManage_Handler                        0x08001b05   Thumb Code     4  stm32f10x_it.o(i.MemManage_Handler)
    MidAverageValue                          0x08001b09   Thumb Code    72  nidhogg_math.o(i.MidAverageValue)
    NMI_Handler                              0x08001b51   Thumb Code     2  stm32f10x_it.o(i.NMI_Handler)
    NVIC_Config                              0x08001b53   Thumb Code    22  nvic_configure.o(i.NVIC_Config)
    NVIC_Init                                0x08001b69   Thumb Code   102  misc.o(i.NVIC_Init)
    NVIC_PriorityGroupConfig                 0x08001bdd   Thumb Code    10  misc.o(i.NVIC_PriorityGroupConfig)
    NVIC_SetVectorTable                      0x08001bf1   Thumb Code    12  misc.o(i.NVIC_SetVectorTable)
    PendSV_Handler                           0x08001c05   Thumb Code     2  stm32f10x_it.o(i.PendSV_Handler)
    RCC_ADCCLKConfig                         0x08001c09   Thumb Code    18  stm32f10x_rcc.o(i.RCC_ADCCLKConfig)
    RCC_AHBPeriphClockCmd                    0x08001c21   Thumb Code    26  stm32f10x_rcc.o(i.RCC_AHBPeriphClockCmd)
    RCC_APB1PeriphClockCmd                   0x08001c41   Thumb Code    26  stm32f10x_rcc.o(i.RCC_APB1PeriphClockCmd)
    RCC_APB1PeriphResetCmd                   0x08001c61   Thumb Code    26  stm32f10x_rcc.o(i.RCC_APB1PeriphResetCmd)
    RCC_APB2PeriphClockCmd                   0x08001c81   Thumb Code    26  stm32f10x_rcc.o(i.RCC_APB2PeriphClockCmd)
    RCC_Config                               0x08001ca1   Thumb Code   110  rcc_configure.o(i.RCC_Config)
    RCC_DeInit                               0x08001d11   Thumb Code    64  stm32f10x_rcc.o(i.RCC_DeInit)
    RCC_GetFlagStatus                        0x08001d5d   Thumb Code    56  stm32f10x_rcc.o(i.RCC_GetFlagStatus)
    RCC_GetSYSCLKSource                      0x08001d99   Thumb Code    10  stm32f10x_rcc.o(i.RCC_GetSYSCLKSource)
    RCC_HCLKConfig                           0x08001da9   Thumb Code    18  stm32f10x_rcc.o(i.RCC_HCLKConfig)
    RCC_HSEConfig                            0x08001dc1   Thumb Code    70  stm32f10x_rcc.o(i.RCC_HSEConfig)
    RCC_PCLK1Config                          0x08001e0d   Thumb Code    18  stm32f10x_rcc.o(i.RCC_PCLK1Config)
    RCC_PCLK2Config                          0x08001e25   Thumb Code    20  stm32f10x_rcc.o(i.RCC_PCLK2Config)
    RCC_PLLCmd                               0x08001e3d   Thumb Code     6  stm32f10x_rcc.o(i.RCC_PLLCmd)
    RCC_PLLConfig                            0x08001e49   Thumb Code    24  stm32f10x_rcc.o(i.RCC_PLLConfig)
    RCC_SYSCLKConfig                         0x08001e65   Thumb Code    18  stm32f10x_rcc.o(i.RCC_SYSCLKConfig)
    RCC_WaitForHSEStartUp                    0x08001e7d   Thumb Code    48  stm32f10x_rcc.o(i.RCC_WaitForHSEStartUp)
    SPI1_Config                              0x08001ead   Thumb Code   208  spi_configure.o(i.SPI1_Config)
    SPI1_DMA_TxData                          0x08001f89   Thumb Code    82  spi_configure.o(i.SPI1_DMA_TxData)
    SPI1_IRQHandler                          0x08001fed   Thumb Code    36  spi_configure.o(i.SPI1_IRQHandler)
    SPIDelay_ms                              0x08002015   Thumb Code    26  spi_configure.o(i.SPIDelay_ms)
    SPI_Cmd                                  0x0800202f   Thumb Code    24  stm32f10x_spi.o(i.SPI_Cmd)
    SPI_I2S_ClearFlag                        0x08002047   Thumb Code     6  stm32f10x_spi.o(i.SPI_I2S_ClearFlag)
    SPI_I2S_ClearITPendingBit                0x0800204d   Thumb Code    20  stm32f10x_spi.o(i.SPI_I2S_ClearITPendingBit)
    SPI_I2S_DMACmd                           0x08002061   Thumb Code    18  stm32f10x_spi.o(i.SPI_I2S_DMACmd)
    SPI_I2S_GetITStatus                      0x08002073   Thumb Code    52  stm32f10x_spi.o(i.SPI_I2S_GetITStatus)
    SPI_I2S_ITConfig                         0x080020a7   Thumb Code    32  stm32f10x_spi.o(i.SPI_I2S_ITConfig)
    SPI_I2S_ReceiveData                      0x080020c7   Thumb Code     6  stm32f10x_spi.o(i.SPI_I2S_ReceiveData)
    SPI_Init                                 0x080020cd   Thumb Code    60  stm32f10x_spi.o(i.SPI_Init)
    ST_GetData                               0x08002109   Thumb Code   216  stdat_demux.o(i.ST_GetData)
    ST_ReceiveData                           0x080021e9   Thumb Code    72  stdat_demux.o(i.ST_ReceiveData)
    SVC_Handler                              0x08002239   Thumb Code     2  stm32f10x_it.o(i.SVC_Handler)
    SysTick_Handler                          0x0800230d   Thumb Code     2  stm32f10x_it.o(i.SysTick_Handler)
    SystemInit                               0x08002311   Thumb Code    78  system_stm32f10x.o(i.SystemInit)
    TIM2_Config                              0x08002371   Thumb Code   124  tim_configure.o(i.TIM2_Config)
    TIM2_IRQHandler                          0x080023ed   Thumb Code    90  tim_configure.o(i.TIM2_IRQHandler)
    TIM3_Config                              0x08002455   Thumb Code   114  tim_configure.o(i.TIM3_Config)
    TIM3_IRQHandler                          0x080024cd   Thumb Code    26  tim_configure.o(i.TIM3_IRQHandler)
    TIM4_Config                              0x080024ed   Thumb Code   116  tim_configure.o(i.TIM4_Config)
    TIM4_IRQHandler                          0x08002565   Thumb Code    26  tim_configure.o(i.TIM4_IRQHandler)
    TIM_ARRPreloadConfig                     0x08002585   Thumb Code    24  stm32f10x_tim.o(i.TIM_ARRPreloadConfig)
    TIM_ClearFlag                            0x0800259d   Thumb Code     6  stm32f10x_tim.o(i.TIM_ClearFlag)
    TIM_ClearITPendingBit                    0x080025a3   Thumb Code     6  stm32f10x_tim.o(i.TIM_ClearITPendingBit)
    TIM_Cmd                                  0x080025a9   Thumb Code    24  stm32f10x_tim.o(i.TIM_Cmd)
    TIM_GetITStatus                          0x080025c1   Thumb Code    34  stm32f10x_tim.o(i.TIM_GetITStatus)
    TIM_ITConfig                             0x080025e3   Thumb Code    18  stm32f10x_tim.o(i.TIM_ITConfig)
    TIM_InternalClockConfig                  0x080025f5   Thumb Code    12  stm32f10x_tim.o(i.TIM_InternalClockConfig)
    TIM_TimeBaseInit                         0x08002601   Thumb Code   122  stm32f10x_tim.o(i.TIM_TimeBaseInit)
    TimOutCheck                              0x080026a5   Thumb Code    48  stdat_demux.o(i.TimOutCheck)
    TurnCheck_Interput                       0x080026d9   Thumb Code    16  stdat_demux.o(i.TurnCheck_Interput)
    USB_HP_CAN1_TX_IRQHandler                0x080026ed   Thumb Code    22  can_configure.o(i.USB_HP_CAN1_TX_IRQHandler)
    USB_LP_CAN1_RX0_IRQHandler               0x08002709   Thumb Code   128  can_configure.o(i.USB_LP_CAN1_RX0_IRQHandler)
    UsageFault_Handler                       0x08002799   Thumb Code     4  stm32f10x_it.o(i.UsageFault_Handler)
    __scatterload_copy                       0x0800279d   Thumb Code    14  handlers.o(i.__scatterload_copy)
    __scatterload_null                       0x080027ab   Thumb Code     2  handlers.o(i.__scatterload_null)
    __scatterload_zeroinit                   0x080027ad   Thumb Code    14  handlers.o(i.__scatterload_zeroinit)
    main                                     0x080027bd   Thumb Code   214  main.o(i.main)
    Region$$Table$$Base                      0x080028a4   Number         0  anon$$obj.o(Region$$Table)
    Region$$Table$$Limit                     0x080028c4   Number         0  anon$$obj.o(Region$$Table)
    MT_MUXDATAERROR                          0x20000016   Data           6  mt_configure.o(.data)
    LogicValue                               0x2000001c   Data           8  mtdat_demux.o(.data)
    MTZeroPos                                0x20000024   Data           6  mtdat_demux.o(.data)
    MTZeroPosi                               0x2000002a   Data           6  mtdat_demux.o(.data)
    TempAngleValue_HalfF                     0x20000032   Data           1  mtdat_demux.o(.data)
    HalfTurnFlag                             0x20000036   Data           1  candat_handle.o(.data)
    PG                                       0x20000037   Data           1  candat_handle.o(.data)
    tempiii                                  0x20000038   Data           2  candat_handle.o(.data)
    CAN_RandomNo                             0x2000003a   Data           1  candat_handle.o(.data)
    MT_MUXDATABUF                            0x20000048   Data        2048  mt_configure.o(.bss)
    MT_MUXDAT                                0x20000848   Data          56  mt_configure.o(.bss)
    Self_Message                             0x20000880   Data          72  candat_handle.o(.bss)
    CAN1_Remote                              0x200008c8   Data          20  candat_handle.o(.bss)
    CAN1_Response                            0x200008dc   Data          20  candat_handle.o(.bss)
    STDAT_Buf                                0x200008f0   Data          48  stdat_demux.o(.bss)
    __initial_sp                             0x20000d20   Data           0  startup_stm32f10x_md.o(STACK)



==============================================================================

Memory Map of the image

  Image Entry point : 0x080000ed

  Load Region LR_IROM1 (Base: 0x08000000, Size: 0x0000290c, Max: 0x00008000, ABSOLUTE)

    Execution Region ER_IROM1 (Base: 0x08000000, Size: 0x000028c4, Max: 0x00008000, ABSOLUTE)

    Base Addr    Size         Type   Attr      Idx    E Section Name        Object

    0x08000000   0x000000ec   Data   RO            3    RESET               startup_stm32f10x_md.o
    0x080000ec   0x00000000   Code   RO         3665  * .ARM.Collect$$$$00000000  mc_w.l(entry.o)
    0x080000ec   0x00000004   Code   RO         3668    .ARM.Collect$$$$00000001  mc_w.l(entry2.o)
    0x080000f0   0x00000004   Code   RO         3671    .ARM.Collect$$$$00000004  mc_w.l(entry5.o)
    0x080000f4   0x00000000   Code   RO         3673    .ARM.Collect$$$$00000008  mc_w.l(entry7b.o)
    0x080000f4   0x00000008   Code   RO         3674    .ARM.Collect$$$$00000009  mc_w.l(entry8.o)
    0x080000fc   0x00000004   Code   RO         3669    .ARM.Collect$$$$00002712  mc_w.l(entry2.o)
    0x08000100   0x00000024   Code   RO            4    .text               startup_stm32f10x_md.o
    0x08000124   0x00000024   Code   RO         3675    .text               mc_w.l(init.o)
    0x08000148   0x00000004   Code   RO         3160    i.BusFault_Handler  stm32f10x_it.o
    0x0800014c   0x00000078   Code   RO         3223    i.CAN1_TxExtData    can_configure.o
    0x080001c4   0x000000a8   Code   RO          479    i.CAN_ClearITPendingBit  stm32f10x_can.o
    0x0800026c   0x00000038   Code   RO          481    i.CAN_DeInit        stm32f10x_can.o
    0x080002a4   0x00000108   Code   RO          483    i.CAN_FilterInit    stm32f10x_can.o
    0x080003ac   0x00000120   Code   RO          485    i.CAN_GetITStatus   stm32f10x_can.o
    0x080004cc   0x00000012   Code   RO          489    i.CAN_ITConfig      stm32f10x_can.o
    0x080004de   0x00000114   Code   RO          490    i.CAN_Init          stm32f10x_can.o
    0x080005f2   0x00000002   PAD
    0x080005f4   0x000000b8   Code   RO         3224    i.CAN_Polling       can_configure.o
    0x080006ac   0x00000014   Code   RO         3540    i.CAN_RAND          candat_handle.o
    0x080006c0   0x00000040   Code   RO         3225    i.CAN_RX_NVIC_Config  can_configure.o
    0x08000700   0x000000f0   Code   RO          493    i.CAN_Receive       stm32f10x_can.o
    0x080007f0   0x00000126   Code   RO          498    i.CAN_Transmit      stm32f10x_can.o
    0x08000916   0x00000002   PAD
    0x08000918   0x0000012c   Code   RO         3541    i.CanCommandBack    candat_handle.o
    0x08000a44   0x00000128   Code   RO         3542    i.CanCommandGet     candat_handle.o
    0x08000b6c   0x00000028   Code   RO         3543    i.CanData_12BitBuf  candat_handle.o
    0x08000b94   0x00000060   Code   RO         3544    i.CanData_13BitBuf  candat_handle.o
    0x08000bf4   0x00000010   Code   RO          501    i.CheckITStatus     stm32f10x_can.o
    0x08000c04   0x00000018   Code   RO          868    i.DMA_Cmd           stm32f10x_dma.o
    0x08000c1c   0x0000003c   Code   RO          874    i.DMA_Init          stm32f10x_dma.o
    0x08000c58   0x00000002   Code   RO         3161    i.DebugMon_Handler  stm32f10x_it.o
    0x08000c5a   0x0000001c   Code   RO         3442    i.Delay_MT          mt_configure.o
    0x08000c76   0x00000016   Code   RO         3284    i.EXTI9_5_IRQHandler  gpio_configure.o
    0x08000c8c   0x0000000c   Code   RO          939    i.EXTI_ClearITPendingBit  stm32f10x_exti.o
    0x08000c98   0x00000028   Code   RO          943    i.EXTI_GetITStatus  stm32f10x_exti.o
    0x08000cc0   0x00000094   Code   RO          944    i.EXTI_Init         stm32f10x_exti.o
    0x08000d54   0x00000060   Code   RO         3226    i.EquipmentDataTx   can_configure.o
    0x08000db4   0x0000001c   Code   RO         1009    i.FLASH_PrefetchBufferCmd  stm32f10x_flash.o
    0x08000dd0   0x00000018   Code   RO         1014    i.FLASH_SetLatency  stm32f10x_flash.o
    0x08000de8   0x00000008   Code   RO         3412    i.Feed_IWDG         wdg_configure.o
    0x08000df0   0x00000194   Code   RO         3285    i.GPIO_Config       gpio_configure.o
    0x08000f84   0x00000040   Code   RO         1289    i.GPIO_EXTILineConfig  stm32f10x_gpio.o
    0x08000fc4   0x00000112   Code   RO         1292    i.GPIO_Init         stm32f10x_gpio.o
    0x080010d6   0x0000004e   Code   RO         3286    i.GPIO_NVIC_Config  gpio_configure.o
    0x08001124   0x00000012   Code   RO         1296    i.GPIO_ReadInputDataBit  stm32f10x_gpio.o
    0x08001136   0x00000012   Code   RO         1298    i.GPIO_ReadOutputDataBit  stm32f10x_gpio.o
    0x08001148   0x00000004   Code   RO         1299    i.GPIO_ResetBits    stm32f10x_gpio.o
    0x0800114c   0x00000004   Code   RO         1300    i.GPIO_SetBits      stm32f10x_gpio.o
    0x08001150   0x00000010   Code   RO         1301    i.GPIO_StructInit   stm32f10x_gpio.o
    0x08001160   0x00000004   Code   RO         3162    i.HardFault_Handler  stm32f10x_it.o
    0x08001164   0x00000020   Code   RO         3413    i.IWDG_Config       wdg_configure.o
    0x08001184   0x00000010   Code   RO         1604    i.IWDG_Enable       stm32f10x_iwdg.o
    0x08001194   0x00000010   Code   RO         1606    i.IWDG_ReloadCounter  stm32f10x_iwdg.o
    0x080011a4   0x0000000c   Code   RO         1607    i.IWDG_SetPrescaler  stm32f10x_iwdg.o
    0x080011b0   0x0000000c   Code   RO         1608    i.IWDG_SetReload    stm32f10x_iwdg.o
    0x080011bc   0x0000000c   Code   RO         1609    i.IWDG_WriteAccessCmd  stm32f10x_iwdg.o
    0x080011c8   0x0000003c   Code   RO         3443    i.MTDAT_Ctrl        mt_configure.o
    0x08001204   0x00000140   Code   RO         3444    i.MTMUX_Ctrl        mt_configure.o
    0x08001344   0x0000044e   Code   RO         3503    i.MT_AdjustmentTurn  mtdat_demux.o
    0x08001792   0x00000002   PAD
    0x08001794   0x000000f4   Code   RO         3445    i.MT_Check          mt_configure.o
    0x08001888   0x0000004c   Code   RO         3504    i.MT_Logic          mtdat_demux.o
    0x080018d4   0x000000ac   Code   RO         3505    i.MT_LogicTransform12Bit  mtdat_demux.o
    0x08001980   0x000000aa   Code   RO         3506    i.MT_LogicTransform13Bit  mtdat_demux.o
    0x08001a2a   0x00000002   PAD
    0x08001a2c   0x00000018   Code   RO         3446    i.MT_Scan           mt_configure.o
    0x08001a44   0x00000068   Code   RO         3447    i.MT_TimerScan      mt_configure.o
    0x08001aac   0x00000058   Code   RO         3448    i.MT_Turn_Count     mt_configure.o
    0x08001b04   0x00000004   Code   RO         3163    i.MemManage_Handler  stm32f10x_it.o
    0x08001b08   0x00000048   Code   RO         3632    i.MidAverageValue   nidhogg_math.o
    0x08001b50   0x00000002   Code   RO         3164    i.NMI_Handler       stm32f10x_it.o
    0x08001b52   0x00000016   Code   RO         3430    i.NVIC_Config       nvic_configure.o
    0x08001b68   0x00000074   Code   RO          137    i.NVIC_Init         misc.o
    0x08001bdc   0x00000014   Code   RO          138    i.NVIC_PriorityGroupConfig  misc.o
    0x08001bf0   0x00000014   Code   RO          139    i.NVIC_SetVectorTable  misc.o
    0x08001c04   0x00000002   Code   RO         3165    i.PendSV_Handler    stm32f10x_it.o
    0x08001c06   0x00000002   PAD
    0x08001c08   0x00000018   Code   RO         1706    i.RCC_ADCCLKConfig  stm32f10x_rcc.o
    0x08001c20   0x00000020   Code   RO         1707    i.RCC_AHBPeriphClockCmd  stm32f10x_rcc.o
    0x08001c40   0x00000020   Code   RO         1708    i.RCC_APB1PeriphClockCmd  stm32f10x_rcc.o
    0x08001c60   0x00000020   Code   RO         1709    i.RCC_APB1PeriphResetCmd  stm32f10x_rcc.o
    0x08001c80   0x00000020   Code   RO         1710    i.RCC_APB2PeriphClockCmd  stm32f10x_rcc.o
    0x08001ca0   0x0000006e   Code   RO         3272    i.RCC_Config        rcc_configure.o
    0x08001d0e   0x00000002   PAD
    0x08001d10   0x0000004c   Code   RO         1717    i.RCC_DeInit        stm32f10x_rcc.o
    0x08001d5c   0x0000003c   Code   RO         1719    i.RCC_GetFlagStatus  stm32f10x_rcc.o
    0x08001d98   0x00000010   Code   RO         1721    i.RCC_GetSYSCLKSource  stm32f10x_rcc.o
    0x08001da8   0x00000018   Code   RO         1722    i.RCC_HCLKConfig    stm32f10x_rcc.o
    0x08001dc0   0x0000004c   Code   RO         1723    i.RCC_HSEConfig     stm32f10x_rcc.o
    0x08001e0c   0x00000018   Code   RO         1729    i.RCC_PCLK1Config   stm32f10x_rcc.o
    0x08001e24   0x00000018   Code   RO         1730    i.RCC_PCLK2Config   stm32f10x_rcc.o
    0x08001e3c   0x0000000c   Code   RO         1731    i.RCC_PLLCmd        stm32f10x_rcc.o
    0x08001e48   0x0000001c   Code   RO         1732    i.RCC_PLLConfig     stm32f10x_rcc.o
    0x08001e64   0x00000018   Code   RO         1735    i.RCC_SYSCLKConfig  stm32f10x_rcc.o
    0x08001e7c   0x00000030   Code   RO         1737    i.RCC_WaitForHSEStartUp  stm32f10x_rcc.o
    0x08001eac   0x000000dc   Code   RO         3380    i.SPI1_Config       spi_configure.o
    0x08001f88   0x00000064   Code   RO         3381    i.SPI1_DMA_TxData   spi_configure.o
    0x08001fec   0x00000028   Code   RO         3382    i.SPI1_IRQHandler   spi_configure.o
    0x08002014   0x0000001a   Code   RO         3383    i.SPIDelay_ms       spi_configure.o
    0x0800202e   0x00000018   Code   RO         2187    i.SPI_Cmd           stm32f10x_spi.o
    0x08002046   0x00000006   Code   RO         2191    i.SPI_I2S_ClearFlag  stm32f10x_spi.o
    0x0800204c   0x00000014   Code   RO         2192    i.SPI_I2S_ClearITPendingBit  stm32f10x_spi.o
    0x08002060   0x00000012   Code   RO         2193    i.SPI_I2S_DMACmd    stm32f10x_spi.o
    0x08002072   0x00000034   Code   RO         2196    i.SPI_I2S_GetITStatus  stm32f10x_spi.o
    0x080020a6   0x00000020   Code   RO         2197    i.SPI_I2S_ITConfig  stm32f10x_spi.o
    0x080020c6   0x00000006   Code   RO         2198    i.SPI_I2S_ReceiveData  stm32f10x_spi.o
    0x080020cc   0x0000003c   Code   RO         2200    i.SPI_Init          stm32f10x_spi.o
    0x08002108   0x000000e0   Code   RO         3592    i.ST_GetData        stdat_demux.o
    0x080021e8   0x00000050   Code   RO         3593    i.ST_ReceiveData    stdat_demux.o
    0x08002238   0x00000002   Code   RO         3166    i.SVC_Handler       stm32f10x_it.o
    0x0800223a   0x00000008   Code   RO           24    i.SetSysClock       system_stm32f10x.o
    0x08002242   0x00000002   PAD
    0x08002244   0x000000c8   Code   RO           25    i.SetSysClockTo72   system_stm32f10x.o
    0x0800230c   0x00000002   Code   RO         3167    i.SysTick_Handler   stm32f10x_it.o
    0x0800230e   0x00000002   PAD
    0x08002310   0x00000060   Code   RO           27    i.SystemInit        system_stm32f10x.o
    0x08002370   0x0000007c   Code   RO         3335    i.TIM2_Config       tim_configure.o
    0x080023ec   0x00000068   Code   RO         3336    i.TIM2_IRQHandler   tim_configure.o
    0x08002454   0x00000078   Code   RO         3337    i.TIM3_Config       tim_configure.o
    0x080024cc   0x00000020   Code   RO         3338    i.TIM3_IRQHandler   tim_configure.o
    0x080024ec   0x00000078   Code   RO         3339    i.TIM4_Config       tim_configure.o
    0x08002564   0x00000020   Code   RO         3340    i.TIM4_IRQHandler   tim_configure.o
    0x08002584   0x00000018   Code   RO         2330    i.TIM_ARRPreloadConfig  stm32f10x_tim.o
    0x0800259c   0x00000006   Code   RO         2336    i.TIM_ClearFlag     stm32f10x_tim.o
    0x080025a2   0x00000006   Code   RO         2337    i.TIM_ClearITPendingBit  stm32f10x_tim.o
    0x080025a8   0x00000018   Code   RO         2342    i.TIM_Cmd           stm32f10x_tim.o
    0x080025c0   0x00000022   Code   RO         2363    i.TIM_GetITStatus   stm32f10x_tim.o
    0x080025e2   0x00000012   Code   RO         2367    i.TIM_ITConfig      stm32f10x_tim.o
    0x080025f4   0x0000000c   Code   RO         2369    i.TIM_InternalClockConfig  stm32f10x_tim.o
    0x08002600   0x000000a4   Code   RO         2413    i.TIM_TimeBaseInit  stm32f10x_tim.o
    0x080026a4   0x00000034   Code   RO         3594    i.TimOutCheck       stdat_demux.o
    0x080026d8   0x00000014   Code   RO         3595    i.TurnCheck_Interput  stdat_demux.o
    0x080026ec   0x0000001c   Code   RO         3227    i.USB_HP_CAN1_TX_IRQHandler  can_configure.o
    0x08002708   0x00000090   Code   RO         3228    i.USB_LP_CAN1_RX0_IRQHandler  can_configure.o
    0x08002798   0x00000004   Code   RO         3168    i.UsageFault_Handler  stm32f10x_it.o
    0x0800279c   0x0000000e   Code   RO         3679    i.__scatterload_copy  mc_w.l(handlers.o)
    0x080027aa   0x00000002   Code   RO         3680    i.__scatterload_null  mc_w.l(handlers.o)
    0x080027ac   0x0000000e   Code   RO         3681    i.__scatterload_zeroinit  mc_w.l(handlers.o)
    0x080027ba   0x00000002   PAD
    0x080027bc   0x000000e8   Code   RO         3108    i.main              main.o
    0x080028a4   0x00000020   Data   RO         3677    Region$$Table       anon$$obj.o


    Execution Region RW_IRAM1 (Base: 0x20000000, Size: 0x00000d20, Max: 0x00002800, ABSOLUTE)

    Base Addr    Size         Type   Attr      Idx    E Section Name        Object

    0x20000000   0x0000000a   Data   RW         3384    .data               spi_configure.o
    0x2000000a   0x00000012   Data   RW         3450    .data               mt_configure.o
    0x2000001c   0x00000017   Data   RW         3507    .data               mtdat_demux.o
    0x20000033   0x00000001   PAD
    0x20000034   0x00000007   Data   RW         3547    .data               candat_handle.o
    0x2000003b   0x0000000a   Data   RW         3597    .data               stdat_demux.o
    0x20000045   0x00000003   PAD
    0x20000048   0x00000838   Zero   RW         3449    .bss                mt_configure.o
    0x20000880   0x00000070   Zero   RW         3546    .bss                candat_handle.o
    0x200008f0   0x00000030   Zero   RW         3596    .bss                stdat_demux.o
    0x20000920   0x00000400   Zero   RW            1    STACK               startup_stm32f10x_md.o


==============================================================================

Image component sizes


      Code (inc. data)   RO Data    RW Data    ZI Data      Debug   Object Name

       636         52          0          0          0       4055   can_configure.o
       752         44          0          7        112       5172   candat_handle.o
         0          0          0          0          0       4212   core_cm3.o
       504          8          0          0          0       1738   gpio_configure.o
       232         18          0          0          0        539   main.o
       156         32          0          0          0       1937   misc.o
       868         76          0         18       2104       5771   mt_configure.o
      1520         26          0         23          0       3936   mtdat_demux.o
        72          0          0          0          0        662   nidhogg_math.o
        22          0          0          0          0        450   nvic_configure.o
       110          0          0          0          0        561   rcc_configure.o
       386         34          0         10          0       2696   spi_configure.o
        36          8        236          0       1024        824   startup_stm32f10x_md.o
       376         24          0         10         48       3385   stdat_demux.o
      1620         24          0          0          0       6507   stm32f10x_can.o
        84          0          0          0          0       2677   stm32f10x_dma.o
       200         18          0          0          0       1964   stm32f10x_exti.o
        52         12          0          0          0       1021   stm32f10x_flash.o
       398          4          0          0          0       5121   stm32f10x_gpio.o
        26          0          0          0          0       3562   stm32f10x_it.o
        68         30          0          0          0       2294   stm32f10x_iwdg.o
       564         90          0          0          0      10558   stm32f10x_rcc.o
       218          0          0          0          0       5529   stm32f10x_spi.o
       288         42          0          0          0       4851   stm32f10x_tim.o
       304         26          0          0          0     269709   system_stm32f10x.o
       532         36          0          0          0       3128   tim_configure.o
        40          0          0          0          0        902   wdg_configure.o

    ----------------------------------------------------------------------
     10080        604        268         72       3288     353761   Object Totals
         0          0         32          0          0          0   (incl. Generated)
        16          0          0          4          0          0   (incl. Padding)

    ----------------------------------------------------------------------

      Code (inc. data)   RO Data    RW Data    ZI Data      Debug   Library Member Name

         0          0          0          0          0          0   entry.o
         8          4          0          0          0          0   entry2.o
         4          0          0          0          0          0   entry5.o
         0          0          0          0          0          0   entry7b.o
         8          4          0          0          0          0   entry8.o
        30          0          0          0          0          0   handlers.o
        36          8          0          0          0         68   init.o

    ----------------------------------------------------------------------
        88         16          0          0          0         68   Library Totals
         2          0          0          0          0          0   (incl. Padding)

    ----------------------------------------------------------------------

      Code (inc. data)   RO Data    RW Data    ZI Data      Debug   Library Name

        86         16          0          0          0         68   mc_w.l

    ----------------------------------------------------------------------
        88         16          0          0          0         68   Library Totals

    ----------------------------------------------------------------------

==============================================================================


      Code (inc. data)   RO Data    RW Data    ZI Data      Debug   

     10168        620        268         72       3288     347797   Grand Totals
     10168        620        268         72       3288     347797   ELF Image Totals
     10168        620        268         72          0          0   ROM Totals

==============================================================================

    Total RO  Size (Code + RO Data)                10436 (  10.19kB)
    Total RW  Size (RW Data + ZI Data)              3360 (   3.28kB)
    Total ROM Size (Code + RO Data + RW Data)      10508 (  10.26kB)

==============================================================================

